LX51 LINKER/LOCATER V4.66.66.0                                                          11/29/2016  21:13:09  PAGE 1


LX51 LINKER/LOCATER V4.66.66.0, INVOKED BY:
D:\KEIL UV5\C51\BIN\LX51.EXE .\Output\main.obj, .\Output\Delay.obj, .\Output\NRF24L01_TX.obj, .\Output\UART.obj TO .\Out
>> put\MQ-2 PRINT (.\Listing\MQ-2.map)


CPU MODE:     8051 MODE
MEMORY MODEL: SMALL


INPUT MODULES INCLUDED:
  .\Output\main.obj (MAIN)
         COMMENT TYPE 0: C51 V9.06
  .\Output\Delay.obj (DELAY)
         COMMENT TYPE 0: C51 V9.06
  .\Output\NRF24L01_TX.obj (NRF24L01_TX)
         COMMENT TYPE 0: C51 V9.06
  .\Output\UART.obj (UART)
         COMMENT TYPE 0: C51 V9.06
  D:\KEIL UV5\C51\LIB\C51S.LIB (?C_STARTUP)
         COMMENT TYPE 1: A51 / ASM51 Assembler
  D:\KEIL UV5\C51\LIB\C51S.LIB (?C?CLDPTR)
         COMMENT TYPE 1: A51 / ASM51 Assembler
  D:\KEIL UV5\C51\LIB\C51S.LIB (?C?CSTOPTR)
         COMMENT TYPE 1: A51 / ASM51 Assembler
  D:\KEIL UV5\C51\LIB\C51S.LIB (?C_INIT)
         COMMENT TYPE 1: A51 / ASM51 Assembler


ACTIVE MEMORY CLASSES OF MODULE:  .\Output\MQ-2 (MAIN)

BASE        START       END         USED      MEMORY CLASS
==========================================================
C:000000H   C:000000H   C:00FFFFH   0002C1H   CODE
I:000000H   I:000000H   I:00007FH   000027H   DATA
I:000000H   I:000000H   I:0000FFH   000001H   IDATA


MEMORY MAP OF MODULE:  .\Output\MQ-2 (MAIN)


START     STOP      LENGTH    ALIGN  RELOC    MEMORY CLASS   SEGMENT NAME
=========================================================================

* * * * * * * * * * *   D A T A   M E M O R Y   * * * * * * * * * * * * *
000000H   000007H   000008H   ---    AT..     DATA           "REG BANK 0"
000008H   000016H   00000FH   BYTE   UNIT     DATA           ?DT?NRF24L01_TX
000017H   00001FH   000009H   BYTE   UNIT     DATA           _DATA_GROUP_
000020H   000024H   000005H   BYTE   UNIT     DATA           ?DT?_SPI_READ_BUF?NRF24L01_TX
000025H   000026H   000002H   BYTE   UNIT     DATA           ?DT?MAIN
000027H   000027H   000001H   BYTE   UNIT     IDATA          ?STACK

* * * * * * * * * * *   C O D E   M E M O R Y   * * * * * * * * * * * * *
000000H   000002H   000003H   ---    OFFS..   CODE           ?CO??C_STARTUP?0
000003H   000005H   000003H   BYTE   OFFS..   CODE           ?MAIN?00003
000006H   00000AH   000005H   BYTE   UNIT     CODE           ?PR?INT_INIT?MAIN
00000BH   00000DH   000003H   BYTE   OFFS..   CODE           ?MAIN?0000B
00000EH   000099H   00008CH   BYTE   UNIT     CODE           ?C_C51STARTUP
00009AH   0000DBH   000042H   BYTE   UNIT     CODE           ?PR?_NRF24L01_TXPACKET?NRF24L01_TX
0000DCH   000119H   00003EH   BYTE   UNIT     CODE           ?PR?MAIN?MAIN
00011AH   000154H   00003BH   BYTE   UNIT     CODE           ?C?LIB_CODE
000155H   000186H   000032H   BYTE   UNIT     CODE           ?PR?_SPI_WRITE_BUF?NRF24L01_TX
000187H   0001B7H   000031H   BYTE   UNIT     CODE           ?PR?TIMER0_ISR?MAIN
0001B8H   0001E8H   000031H   BYTE   UNIT     CODE           ?PR?_SPI_READ_BUF?NRF24L01_TX
0001E9H   000215H   00002DH   BYTE   UNIT     CODE           ?PR?SETTX_MODE?NRF24L01_TX
000216H   000231H   00001CH   BYTE   UNIT     CODE           ?PR?_DELAYMS?DELAY
000232H   00024BH   00001AH   BYTE   UNIT     CODE           ?C_INITSEG
LX51 LINKER/LOCATER V4.66.66.0                                                        11/29/2016  21:13:09  PAGE 2


00024CH   000264H   000019H   BYTE   UNIT     CODE           ?PR?_SPI_RW?NRF24L01_TX
000265H   000277H   000013H   BYTE   UNIT     CODE           ?PR?TIMER0_INTI?MAIN
000278H   00028AH   000013H   BYTE   UNIT     CODE           ?PR?_DELAYUS?DELAY
00028BH   00029DH   000013H   BYTE   UNIT     CODE           ?PR?UART_INIT?UART
00029EH   0002AEH   000011H   BYTE   UNIT     CODE           ?PR?_SPI_RW_REG?NRF24L01_TX
0002AFH   0002BBH   00000DH   BYTE   UNIT     CODE           ?PR?_SPI_READ?NRF24L01_TX
0002BCH   0002C0H   000005H   BYTE   UNIT     CODE           ?PR?INT0_ISR?MAIN



OVERLAY MAP OF MODULE:   .\Output\MQ-2 (MAIN)


FUNCTION/MODULE                      BIT_GROUP   DATA_GROUP 
--> CALLED FUNCTION/MODULE          START  STOP  START  STOP
============================================================
INT0_ISR/MAIN                       ----- -----  ----- -----

*** NEW ROOT **********************

TIMER0_ISR/MAIN                     ----- -----  ----- -----

*** NEW ROOT **********************

?C_C51STARTUP                       ----- -----  ----- -----
  +--> MAIN/MAIN
  +--> ?C_INITSEG

MAIN/MAIN                           ----- -----  0017H 0017H
  +--> INT_INIT/MAIN
  +--> TIMER0_INTI/MAIN
  +--> SETTX_MODE/NRF24L01_TX
  +--> _DELAYMS/DELAY
  +--> _SPI_RW_REG/NRF24L01_TX
  +--> _SPI_WRITE_BUF/NRF24L01_TX
  +--> _NRF24L01_TXPACKET/NRF24L01_TX

INT_INIT/MAIN                       ----- -----  ----- -----

TIMER0_INTI/MAIN                    ----- -----  ----- -----

SETTX_MODE/NRF24L01_TX              ----- -----  ----- -----
  +--> _SPI_RW_REG/NRF24L01_TX

_SPI_RW_REG/NRF24L01_TX             ----- -----  ----- -----
  +--> _SPI_RW/NRF24L01_TX

_SPI_RW/NRF24L01_TX                 ----- -----  ----- -----

_DELAYMS/DELAY                      ----- -----  ----- -----

_SPI_WRITE_BUF/NRF24L01_TX          ----- -----  001BH 001FH
  +--> _SPI_RW/NRF24L01_TX

_NRF24L01_TXPACKET/NRF24L01_TX      ----- -----  0018H 001AH
  +--> _SPI_WRITE_BUF/NRF24L01_TX
  +--> _SPI_RW_REG/NRF24L01_TX
  +--> _DELAYMS/DELAY

?C_INITSEG                          ----- -----  ----- -----



PUBLIC SYMBOLS OF MODULE:  .\Output\MQ-2 (MAIN)

LX51 LINKER/LOCATER V4.66.66.0                                                        11/29/2016  21:13:09  PAGE 3



      VALUE       CLASS    TYPE      PUBLIC SYMBOL NAME
      =================================================
      00000020H   DATA     BYTE      ?_SPI_Read_Buf?BYTE
      0000001BH   DATA     BYTE      ?_SPI_Write_Buf?BYTE
      0100011AH   CODE     ---       ?C?CLDPTR
      00000000H   NUMBER   ---       ?C?CODESEG
      01000133H   CODE     ---       ?C?CSTOPTR
      00000000H   NUMBER   ---       ?C?XDATASEG
      01000055H   CODE     ---       ?C_START
      01000000H   CODE     ---       ?C_STARTUP
      01000216H   CODE     ---       _DelayMs
      01000278H   CODE     ---       _DelayUs
      0100009AH   CODE     ---       _NRF24L01_TxPacket
      010002AFH   CODE     ---       _SPI_Read
      010001B8H   CODE     ---       _SPI_Read_Buf
      0100024CH   CODE     ---       _SPI_RW
      0100029EH   CODE     ---       _SPI_RW_Reg
      01000155H   CODE     ---       _SPI_Write_Buf
*SFR* 000000D0H.6 DATA     BIT       AC
*SFR* 000000E0H   DATA     BYTE      ACC
*SFR* 000000BCH   DATA     BYTE      ADC_CONTR
*SFR* 000000BDH   DATA     BYTE      ADC_RES
*SFR* 000000BEH   DATA     BYTE      ADC_RESL
*SFR* 0000008EH   DATA     BYTE      AUXR
*SFR* 000000A2H   DATA     BYTE      AUXR1
*SFR* 000000F0H   DATA     BYTE      B
*SFR* 000000A1H   DATA     BYTE      BUS_SPEED
*SFR* 000000FAH   DATA     BYTE      CCAP0H
*SFR* 000000EAH   DATA     BYTE      CCAP0L
*SFR* 000000FBH   DATA     BYTE      CCAP1H
*SFR* 000000EBH   DATA     BYTE      CCAP1L
*SFR* 000000FCH   DATA     BYTE      CCAP2H
*SFR* 000000ECH   DATA     BYTE      CCAP2L
*SFR* 000000DAH   DATA     BYTE      CCAPM0
*SFR* 000000DBH   DATA     BYTE      CCAPM1
*SFR* 000000DCH   DATA     BYTE      CCAPM2
*SFR* 000000D8H   DATA     BIT       CCF0
*SFR* 000000D8H.1 DATA     BIT       CCF1
*SFR* 000000D8H.2 DATA     BIT       CCF2
*SFR* 000000D8H   DATA     BYTE      CCON
*SFR* 00000090H.2 DATA     BIT       CE
*SFR* 000000D8H.7 DATA     BIT       CF
*SFR* 000000F9H   DATA     BYTE      CH
*SFR* 000000E9H   DATA     BYTE      CL
*SFR* 00000097H   DATA     BYTE      CLK_DIV
*SFR* 000000D9H   DATA     BYTE      CMOD
*SFR* 000000E6H   DATA     BYTE      CMPCR1
*SFR* 000000E7H   DATA     BYTE      CMPCR2
*SFR* 000000D8H.6 DATA     BIT       CR
*SFR* 00000090H.3 DATA     BIT       CSN
*SFR* 000000D0H.7 DATA     BIT       CY
*SFR* 00000083H   DATA     BYTE      DPH
*SFR* 00000082H   DATA     BYTE      DPL
*SFR* 000000A8H.7 DATA     BIT       EA
*SFR* 000000A8H.5 DATA     BIT       EADC
*SFR* 000000A8H.6 DATA     BIT       ELVD
*SFR* 000000A8H.4 DATA     BIT       ES
*SFR* 000000A8H.1 DATA     BIT       ET0
*SFR* 000000A8H.3 DATA     BIT       ET1
*SFR* 000000A8H   DATA     BIT       EX0
*SFR* 000000A8H.2 DATA     BIT       EX1
*SFR* 000000D0H.5 DATA     BIT       F0
*SFR* 000000C3H   DATA     BYTE      IAP_ADDRH
*SFR* 000000C4H   DATA     BYTE      IAP_ADDRL
LX51 LINKER/LOCATER V4.66.66.0                                                        11/29/2016  21:13:09  PAGE 4


*SFR* 000000C5H   DATA     BYTE      IAP_CMD
*SFR* 000000C7H   DATA     BYTE      IAP_CONTR
*SFR* 000000C2H   DATA     BYTE      IAP_DATA
*SFR* 000000C6H   DATA     BYTE      IAP_TRIG
*SFR* 000000A8H   DATA     BYTE      IE
*SFR* 00000088H.1 DATA     BIT       IE0
*SFR* 00000088H.3 DATA     BIT       IE1
*SFR* 000000AFH   DATA     BYTE      IE2
      010002BCH   CODE     ---       INT0_ISR
*SFR* 0000008FH   DATA     BYTE      INT_CLKO
      01000006H   CODE     ---       INT_Init
*SFR* 000000B8H   DATA     BYTE      IP
*SFR* 000000B5H   DATA     BYTE      IP2
*SFR* 00000088H   DATA     BIT       IT0
*SFR* 00000088H.2 DATA     BIT       IT1
      010000DCH   CODE     ---       main
*SFR* 00000090H.6 DATA     BIT       MISO
*SFR* 00000090H.5 DATA     BIT       MOSI
*SFR* 000000B0H.2 DATA     BIT       MQ2
*SFR* 000000D0H.2 DATA     BIT       OV
*SFR* 000000D0H   DATA     BIT       P
*SFR* 00000080H   DATA     BYTE      P0
*SFR* 00000080H   DATA     BIT       P00
*SFR* 00000080H.1 DATA     BIT       P01
*SFR* 00000080H.2 DATA     BIT       P02
*SFR* 00000080H.3 DATA     BIT       P03
*SFR* 00000080H.4 DATA     BIT       P04
*SFR* 00000080H.5 DATA     BIT       P05
*SFR* 00000080H.6 DATA     BIT       P06
*SFR* 00000080H.7 DATA     BIT       P07
*SFR* 00000094H   DATA     BYTE      P0M0
*SFR* 00000093H   DATA     BYTE      P0M1
*SFR* 00000090H   DATA     BYTE      P1
*SFR* 00000090H   DATA     BIT       P10
*SFR* 00000090H.1 DATA     BIT       P11
*SFR* 00000090H.2 DATA     BIT       P12
*SFR* 00000090H.3 DATA     BIT       P13
*SFR* 00000090H.4 DATA     BIT       P14
*SFR* 00000090H.5 DATA     BIT       P15
*SFR* 00000090H.6 DATA     BIT       P16
*SFR* 00000090H.7 DATA     BIT       P17
*SFR* 0000009DH   DATA     BYTE      P1ASF
*SFR* 00000092H   DATA     BYTE      P1M0
*SFR* 00000091H   DATA     BYTE      P1M1
*SFR* 000000A0H   DATA     BYTE      P2
*SFR* 000000A0H   DATA     BIT       P20
*SFR* 000000A0H.1 DATA     BIT       P21
*SFR* 000000A0H.2 DATA     BIT       P22
*SFR* 000000A0H.3 DATA     BIT       P23
*SFR* 000000A0H.4 DATA     BIT       P24
*SFR* 000000A0H.5 DATA     BIT       P25
*SFR* 000000A0H.6 DATA     BIT       P26
*SFR* 000000A0H.7 DATA     BIT       P27
*SFR* 00000096H   DATA     BYTE      P2M0
*SFR* 00000095H   DATA     BYTE      P2M1
*SFR* 000000B0H   DATA     BYTE      P3
*SFR* 000000B0H   DATA     BIT       P30
*SFR* 000000B0H.1 DATA     BIT       P31
*SFR* 000000B0H.2 DATA     BIT       P32
*SFR* 000000B0H.3 DATA     BIT       P33
*SFR* 000000B0H.4 DATA     BIT       P34
*SFR* 000000B0H.5 DATA     BIT       P35
*SFR* 000000B0H.6 DATA     BIT       P36
*SFR* 000000B0H.7 DATA     BIT       P37
*SFR* 000000B2H   DATA     BYTE      P3M0
LX51 LINKER/LOCATER V4.66.66.0                                                        11/29/2016  21:13:09  PAGE 5


*SFR* 000000B1H   DATA     BYTE      P3M1
*SFR* 000000C0H   DATA     BYTE      P4
*SFR* 000000C0H   DATA     BIT       P40
*SFR* 000000C0H.1 DATA     BIT       P41
*SFR* 000000C0H.2 DATA     BIT       P42
*SFR* 000000C0H.3 DATA     BIT       P43
*SFR* 000000C0H.4 DATA     BIT       P44
*SFR* 000000C0H.5 DATA     BIT       P45
*SFR* 000000C0H.6 DATA     BIT       P46
*SFR* 000000C0H.7 DATA     BIT       P47
*SFR* 000000B4H   DATA     BYTE      P4M0
*SFR* 000000B3H   DATA     BYTE      P4M1
*SFR* 000000C8H   DATA     BYTE      P5
*SFR* 000000C8H   DATA     BIT       P50
*SFR* 000000C8H.1 DATA     BIT       P51
*SFR* 000000C8H.2 DATA     BIT       P52
*SFR* 000000C8H.3 DATA     BIT       P53
*SFR* 000000C8H.4 DATA     BIT       P54
*SFR* 000000C8H.5 DATA     BIT       P55
*SFR* 000000C8H.6 DATA     BIT       P56
*SFR* 000000C8H.7 DATA     BIT       P57
*SFR* 000000CAH   DATA     BYTE      P5M0
*SFR* 000000C9H   DATA     BYTE      P5M1
*SFR* 000000E8H   DATA     BYTE      P6
*SFR* 000000E8H   DATA     BIT       P60
*SFR* 000000E8H.1 DATA     BIT       P61
*SFR* 000000E8H.2 DATA     BIT       P62
*SFR* 000000E8H.3 DATA     BIT       P63
*SFR* 000000E8H.4 DATA     BIT       P64
*SFR* 000000E8H.5 DATA     BIT       P65
*SFR* 000000E8H.6 DATA     BIT       P66
*SFR* 000000E8H.7 DATA     BIT       P67
*SFR* 000000CCH   DATA     BYTE      P6M0
*SFR* 000000CBH   DATA     BYTE      P6M1
*SFR* 000000F8H   DATA     BYTE      P7
*SFR* 000000F8H   DATA     BIT       P70
*SFR* 000000F8H.1 DATA     BIT       P71
*SFR* 000000F8H.2 DATA     BIT       P72
*SFR* 000000F8H.3 DATA     BIT       P73
*SFR* 000000F8H.4 DATA     BIT       P74
*SFR* 000000F8H.5 DATA     BIT       P75
*SFR* 000000F8H.6 DATA     BIT       P76
*SFR* 000000F8H.7 DATA     BIT       P77
*SFR* 000000E2H   DATA     BYTE      P7M0
*SFR* 000000E1H   DATA     BYTE      P7M1
*SFR* 000000A2H   DATA     BYTE      P_SW1
*SFR* 000000BAH   DATA     BYTE      P_SW2
*SFR* 000000B8H.5 DATA     BIT       PADC
*SFR* 000000F2H   DATA     BYTE      PCA_PWM0
*SFR* 000000F3H   DATA     BYTE      PCA_PWM1
*SFR* 000000F4H   DATA     BYTE      PCA_PWM2
*SFR* 00000087H   DATA     BYTE      PCON
*SFR* 000000B8H.6 DATA     BIT       PLVD
*SFR* 000000B8H.7 DATA     BIT       PPCA
*SFR* 000000B8H.4 DATA     BIT       PS
*SFR* 000000D0H   DATA     BYTE      PSW
*SFR* 000000B8H.1 DATA     BIT       PT0
*SFR* 000000B8H.3 DATA     BIT       PT1
*SFR* 000000F1H   DATA     BYTE      PWMCFG
*SFR* 000000F5H   DATA     BYTE      PWMCR
*SFR* 000000F7H   DATA     BYTE      PWMFDCR
*SFR* 000000F6H   DATA     BYTE      PWMIF
*SFR* 000000B8H   DATA     BIT       PX0
*SFR* 000000B8H.2 DATA     BIT       PX1
*SFR* 00000098H.2 DATA     BIT       RB8
LX51 LINKER/LOCATER V4.66.66.0                                                        11/29/2016  21:13:09  PAGE 6


*SFR* 00000098H.4 DATA     BIT       REN
*SFR* 00000098H   DATA     BIT       RI
*SFR* 000000D0H.3 DATA     BIT       RS0
*SFR* 000000D0H.4 DATA     BIT       RS1
      00000008H   DATA     ---       RX_ADDRESS
*SFR* 0000009BH   DATA     BYTE      S2BUF
*SFR* 0000009AH   DATA     BYTE      S2CON
*SFR* 000000ADH   DATA     BYTE      S3BUF
*SFR* 000000ACH   DATA     BYTE      S3CON
*SFR* 00000085H   DATA     BYTE      S4BUF
*SFR* 00000084H   DATA     BYTE      S4CON
*SFR* 000000A9H   DATA     BYTE      SADDR
*SFR* 000000B9H   DATA     BYTE      SADEN
*SFR* 00000099H   DATA     BYTE      SBUF
*SFR* 00000090H.4 DATA     BIT       SCK
*SFR* 00000098H   DATA     BYTE      SCON
      010001E9H   CODE     ---       SetTX_Mode
*SFR* 00000098H.7 DATA     BIT       SM0
*SFR* 00000098H.6 DATA     BIT       SM1
*SFR* 00000098H.5 DATA     BIT       SM2
*SFR* 00000081H   DATA     BYTE      SP
*SFR* 000000CEH   DATA     BYTE      SPCTL
*SFR* 000000CFH   DATA     BYTE      SPDAT
*SFR* 000000CDH   DATA     BYTE      SPSTAT
*SFR* 000000D6H   DATA     BYTE      T2H
*SFR* 000000D7H   DATA     BYTE      T2L
*SFR* 000000D4H   DATA     BYTE      T3H
*SFR* 000000D5H   DATA     BYTE      T3L
*SFR* 000000D1H   DATA     BYTE      T3T4M
*SFR* 000000D2H   DATA     BYTE      T4H
*SFR* 000000D3H   DATA     BYTE      T4L
*SFR* 000000D1H   DATA     BYTE      T4T3M
*SFR* 00000098H.3 DATA     BIT       TB8
*SFR* 00000088H   DATA     BYTE      TCON
*SFR* 00000088H.5 DATA     BIT       TF0
*SFR* 00000088H.7 DATA     BIT       TF1
*SFR* 0000008CH   DATA     BYTE      TH0
*SFR* 0000008DH   DATA     BYTE      TH1
*SFR* 00000098H.1 DATA     BIT       TI
      01000265H   CODE     ---       Timer0_Inti
      01000187H   CODE     ---       Timer0_ISR
*SFR* 0000008AH   DATA     BYTE      TL0
*SFR* 0000008BH   DATA     BYTE      TL1
*SFR* 00000089H   DATA     BYTE      TMOD
*SFR* 00000088H.4 DATA     BIT       TR0
*SFR* 00000088H.6 DATA     BIT       TR1
      0000000DH   DATA     ---       TX_ADDRESS
      00000012H   DATA     ---       TX_DAT
      0100028BH   CODE     ---       Uart_Init
*SFR* 000000C1H   DATA     BYTE      WDT_CONTR
*SFR* 000000ABH   DATA     BYTE      WKTCH
*SFR* 000000AAH   DATA     BYTE      WKTCL



SYMBOL TABLE OF MODULE:  .\Output\MQ-2 (MAIN)

      VALUE       REP       CLASS    TYPE      SYMBOL NAME
      ====================================================
      ---         MODULE    ---      ---       MAIN
      010000DCH   PUBLIC    CODE     ---       main
      01000187H   PUBLIC    CODE     ---       Timer0_ISR
      010002BCH   PUBLIC    CODE     ---       INT0_ISR
      01000265H   PUBLIC    CODE     ---       Timer0_Inti
      01000006H   PUBLIC    CODE     ---       INT_Init
LX51 LINKER/LOCATER V4.66.66.0                                                        11/29/2016  21:13:09  PAGE 7


      000000D8H.2 SFRSYM    DATA     BIT       CCF2
      00000092H   SFRSYM    DATA     BYTE      P1M0
      00000093H   SFRSYM    DATA     BYTE      P0M1
      00000096H   SFRSYM    DATA     BYTE      P2M0
      00000091H   SFRSYM    DATA     BYTE      P1M1
      00000080H   SFRSYM    DATA     BYTE      P0
      000000B2H   SFRSYM    DATA     BYTE      P3M0
      00000095H   SFRSYM    DATA     BYTE      P2M1
      00000090H   SFRSYM    DATA     BYTE      P1
      000000B4H   SFRSYM    DATA     BYTE      P4M0
      000000B1H   SFRSYM    DATA     BYTE      P3M1
      000000A0H   SFRSYM    DATA     BYTE      P2
      000000ABH   SFRSYM    DATA     BYTE      WKTCH
      000000CAH   SFRSYM    DATA     BYTE      P5M0
      000000B3H   SFRSYM    DATA     BYTE      P4M1
      000000B0H   SFRSYM    DATA     BYTE      P3
      000000CCH   SFRSYM    DATA     BYTE      P6M0
      000000C9H   SFRSYM    DATA     BYTE      P5M1
      000000C0H   SFRSYM    DATA     BYTE      P4
      000000D0H.6 SFRSYM    DATA     BIT       AC
      000000F6H   SFRSYM    DATA     BYTE      PWMIF
      000000E2H   SFRSYM    DATA     BYTE      P7M0
      000000CBH   SFRSYM    DATA     BYTE      P6M1
      000000C8H   SFRSYM    DATA     BYTE      P5
      000000A8H.7 SFRSYM    DATA     BIT       EA
      000000E1H   SFRSYM    DATA     BYTE      P7M1
      000000E8H   SFRSYM    DATA     BYTE      P6
      000000AAH   SFRSYM    DATA     BYTE      WKTCL
      000000F8H   SFRSYM    DATA     BYTE      P7
      000000CEH   SFRSYM    DATA     BYTE      SPCTL
      000000D8H.7 SFRSYM    DATA     BIT       CF
      000000F5H   SFRSYM    DATA     BYTE      PWMCR
      000000F9H   SFRSYM    DATA     BYTE      CH
      000000A2H   SFRSYM    DATA     BYTE      P_SW1
      000000BAH   SFRSYM    DATA     BYTE      P_SW2
      000000A8H.5 SFRSYM    DATA     BIT       EADC
      000000A8H   SFRSYM    DATA     BYTE      IE
      000000E9H   SFRSYM    DATA     BYTE      CL
      000000C5H   SFRSYM    DATA     BYTE      IAP_CMD
      000000FAH   SFRSYM    DATA     BYTE      CCAP0H
      000000FBH   SFRSYM    DATA     BYTE      CCAP1H
      000000FCH   SFRSYM    DATA     BYTE      CCAP2H
      000000BDH   SFRSYM    DATA     BYTE      ADC_RES
      000000EAH   SFRSYM    DATA     BYTE      CCAP0L
      000000D8H.6 SFRSYM    DATA     BIT       CR
      000000F7H   SFRSYM    DATA     BYTE      PWMFDCR
      000000EBH   SFRSYM    DATA     BYTE      CCAP1L
      000000DAH   SFRSYM    DATA     BYTE      CCAPM0
      000000ECH   SFRSYM    DATA     BYTE      CCAP2L
      000000DBH   SFRSYM    DATA     BYTE      CCAPM1
      000000DCH   SFRSYM    DATA     BYTE      CCAPM2
      000000A8H.4 SFRSYM    DATA     BIT       ES
      000000B8H.5 SFRSYM    DATA     BIT       PADC
      000000B8H   SFRSYM    DATA     BYTE      IP
      00000098H   SFRSYM    DATA     BIT       RI
      000000D0H.7 SFRSYM    DATA     BIT       CY
      00000098H.1 SFRSYM    DATA     BIT       TI
      00000097H   SFRSYM    DATA     BYTE      CLK_DIV
      000000C3H   SFRSYM    DATA     BYTE      IAP_ADDRH
      000000B8H.4 SFRSYM    DATA     BIT       PS
      00000081H   SFRSYM    DATA     BYTE      SP
      000000D9H   SFRSYM    DATA     BYTE      CMOD
      000000D8H   SFRSYM    DATA     BYTE      CCON
      000000C4H   SFRSYM    DATA     BYTE      IAP_ADDRL
      000000B8H.7 SFRSYM    DATA     BIT       PPCA
LX51 LINKER/LOCATER V4.66.66.0                                                        11/29/2016  21:13:09  PAGE 8


      000000D0H.2 SFRSYM    DATA     BIT       OV
      000000E6H   SFRSYM    DATA     BYTE      CMPCR1
      000000E7H   SFRSYM    DATA     BYTE      CMPCR2
      000000A8H.6 SFRSYM    DATA     BIT       ELVD
      00000080H   SFRSYM    DATA     BIT       P00
      000000BCH   SFRSYM    DATA     BYTE      ADC_CONTR
      00000099H   SFRSYM    DATA     BYTE      SBUF
      00000087H   SFRSYM    DATA     BYTE      PCON
      00000090H   SFRSYM    DATA     BIT       P10
      00000080H.1 SFRSYM    DATA     BIT       P01
      000000A0H   SFRSYM    DATA     BIT       P20
      00000090H.1 SFRSYM    DATA     BIT       P11
      00000080H.2 SFRSYM    DATA     BIT       P02
      000000B0H   SFRSYM    DATA     BIT       P30
      000000A0H.1 SFRSYM    DATA     BIT       P21
      00000090H.2 SFRSYM    DATA     BIT       P12
      00000080H.3 SFRSYM    DATA     BIT       P03
      00000098H   SFRSYM    DATA     BYTE      SCON
      000000C0H   SFRSYM    DATA     BIT       P40
      000000B0H.1 SFRSYM    DATA     BIT       P31
      000000A0H.2 SFRSYM    DATA     BIT       P22
      00000090H.3 SFRSYM    DATA     BIT       P13
      00000080H.4 SFRSYM    DATA     BIT       P04
      00000089H   SFRSYM    DATA     BYTE      TMOD
      00000088H   SFRSYM    DATA     BYTE      TCON
      000000C8H   SFRSYM    DATA     BIT       P50
      000000C0H.1 SFRSYM    DATA     BIT       P41
      000000B0H.2 SFRSYM    DATA     BIT       P32
      000000A0H.3 SFRSYM    DATA     BIT       P23
      00000090H.4 SFRSYM    DATA     BIT       P14
      00000080H.5 SFRSYM    DATA     BIT       P05
      000000E8H   SFRSYM    DATA     BIT       P60
      000000C8H.1 SFRSYM    DATA     BIT       P51
      000000C0H.2 SFRSYM    DATA     BIT       P42
      000000B0H.3 SFRSYM    DATA     BIT       P33
      000000A0H.4 SFRSYM    DATA     BIT       P24
      00000090H.5 SFRSYM    DATA     BIT       P15
      00000080H.6 SFRSYM    DATA     BIT       P06
      000000B8H.6 SFRSYM    DATA     BIT       PLVD
      000000F8H   SFRSYM    DATA     BIT       P70
      000000E8H.1 SFRSYM    DATA     BIT       P61
      000000C8H.2 SFRSYM    DATA     BIT       P52
      000000C0H.3 SFRSYM    DATA     BIT       P43
      000000B0H.4 SFRSYM    DATA     BIT       P34
      000000A0H.5 SFRSYM    DATA     BIT       P25
      00000090H.6 SFRSYM    DATA     BIT       P16
      00000080H.7 SFRSYM    DATA     BIT       P07
      000000F8H.1 SFRSYM    DATA     BIT       P71
      000000E8H.2 SFRSYM    DATA     BIT       P62
      000000C8H.3 SFRSYM    DATA     BIT       P53
      000000C0H.4 SFRSYM    DATA     BIT       P44
      000000B0H.5 SFRSYM    DATA     BIT       P35
      000000A0H.6 SFRSYM    DATA     BIT       P26
      00000090H.7 SFRSYM    DATA     BIT       P17
      000000F8H.2 SFRSYM    DATA     BIT       P72
      000000E8H.3 SFRSYM    DATA     BIT       P63
      000000C8H.4 SFRSYM    DATA     BIT       P54
      000000C0H.5 SFRSYM    DATA     BIT       P45
      000000B0H.6 SFRSYM    DATA     BIT       P36
      000000A0H.7 SFRSYM    DATA     BIT       P27
      000000F8H.3 SFRSYM    DATA     BIT       P73
      000000E8H.4 SFRSYM    DATA     BIT       P64
      000000C8H.5 SFRSYM    DATA     BIT       P55
      000000C0H.6 SFRSYM    DATA     BIT       P46
      000000B0H.7 SFRSYM    DATA     BIT       P37
LX51 LINKER/LOCATER V4.66.66.0                                                        11/29/2016  21:13:09  PAGE 9


      000000F8H.4 SFRSYM    DATA     BIT       P74
      000000E8H.5 SFRSYM    DATA     BIT       P65
      000000C8H.6 SFRSYM    DATA     BIT       P56
      000000C0H.7 SFRSYM    DATA     BIT       P47
      000000F8H.5 SFRSYM    DATA     BIT       P75
      000000E8H.6 SFRSYM    DATA     BIT       P66
      000000C8H.7 SFRSYM    DATA     BIT       P57
      000000F8H.6 SFRSYM    DATA     BIT       P76
      000000E8H.7 SFRSYM    DATA     BIT       P67
      00000088H.1 SFRSYM    DATA     BIT       IE0
      000000A1H   SFRSYM    DATA     BYTE      BUS_SPEED
      000000F8H.7 SFRSYM    DATA     BIT       P77
      00000088H.3 SFRSYM    DATA     BIT       IE1
      000000AFH   SFRSYM    DATA     BYTE      IE2
      0000008EH   SFRSYM    DATA     BYTE      AUXR
      000000F0H   SFRSYM    DATA     BYTE      B
      000000C7H   SFRSYM    DATA     BYTE      IAP_CONTR
      000000F1H   SFRSYM    DATA     BYTE      PWMCFG
      000000E0H   SFRSYM    DATA     BYTE      ACC
      000000A8H.1 SFRSYM    DATA     BIT       ET0
      00000088H.5 SFRSYM    DATA     BIT       TF0
      000000A8H.3 SFRSYM    DATA     BIT       ET1
      00000088H.7 SFRSYM    DATA     BIT       TF1
      000000B5H   SFRSYM    DATA     BYTE      IP2
      00000098H.2 SFRSYM    DATA     BIT       RB8
      0000008CH   SFRSYM    DATA     BYTE      TH0
      0000008DH   SFRSYM    DATA     BYTE      TH1
      00000088H   SFRSYM    DATA     BIT       IT0
      000000A8H   SFRSYM    DATA     BIT       EX0
      00000098H.3 SFRSYM    DATA     BIT       TB8
      000000D6H   SFRSYM    DATA     BYTE      T2H
      00000088H.2 SFRSYM    DATA     BIT       IT1
      000000A8H.2 SFRSYM    DATA     BIT       EX1
      000000D4H   SFRSYM    DATA     BYTE      T3H
      000000D0H   SFRSYM    DATA     BIT       P
      000000B0H.2 SFRSYM    DATA     BIT       MQ2
      00000098H.7 SFRSYM    DATA     BIT       SM0
      000000D2H   SFRSYM    DATA     BYTE      T4H
      0000008AH   SFRSYM    DATA     BYTE      TL0
      00000098H.6 SFRSYM    DATA     BIT       SM1
      0000008BH   SFRSYM    DATA     BYTE      TL1
      00000098H.5 SFRSYM    DATA     BIT       SM2
      000000D7H   SFRSYM    DATA     BYTE      T2L
      000000D5H   SFRSYM    DATA     BYTE      T3L
      000000D3H   SFRSYM    DATA     BYTE      T4L
      000000B8H.1 SFRSYM    DATA     BIT       PT0
      000000B8H.3 SFRSYM    DATA     BIT       PT1
      000000D0H.3 SFRSYM    DATA     BIT       RS0
      000000C2H   SFRSYM    DATA     BYTE      IAP_DATA
      00000088H.4 SFRSYM    DATA     BIT       TR0
      000000D0H.4 SFRSYM    DATA     BIT       RS1
      00000088H.6 SFRSYM    DATA     BIT       TR1
      000000C1H   SFRSYM    DATA     BYTE      WDT_CONTR
      000000B8H   SFRSYM    DATA     BIT       PX0
      000000B8H.2 SFRSYM    DATA     BIT       PX1
      000000F2H   SFRSYM    DATA     BYTE      PCA_PWM0
      000000F3H   SFRSYM    DATA     BYTE      PCA_PWM1
      000000F4H   SFRSYM    DATA     BYTE      PCA_PWM2
      0000009DH   SFRSYM    DATA     BYTE      P1ASF
      00000083H   SFRSYM    DATA     BYTE      DPH
      000000D1H   SFRSYM    DATA     BYTE      T3T4M
      000000D1H   SFRSYM    DATA     BYTE      T4T3M
      000000BEH   SFRSYM    DATA     BYTE      ADC_RESL
      00000082H   SFRSYM    DATA     BYTE      DPL
      000000CDH   SFRSYM    DATA     BYTE      SPSTAT
LX51 LINKER/LOCATER V4.66.66.0                                                        11/29/2016  21:13:09  PAGE 10


      0000009BH   SFRSYM    DATA     BYTE      S2BUF
      000000ADH   SFRSYM    DATA     BYTE      S3BUF
      00000085H   SFRSYM    DATA     BYTE      S4BUF
      00000098H.4 SFRSYM    DATA     BIT       REN
      0000009AH   SFRSYM    DATA     BYTE      S2CON
      000000ACH   SFRSYM    DATA     BYTE      S3CON
      00000084H   SFRSYM    DATA     BYTE      S4CON
      000000B9H   SFRSYM    DATA     BYTE      SADEN
      000000A9H   SFRSYM    DATA     BYTE      SADDR
      000000C6H   SFRSYM    DATA     BYTE      IAP_TRIG
      000000A2H   SFRSYM    DATA     BYTE      AUXR1
      000000D0H.5 SFRSYM    DATA     BIT       F0
      0000008FH   SFRSYM    DATA     BYTE      INT_CLKO
      000000D0H   SFRSYM    DATA     BYTE      PSW
      000000D8H   SFRSYM    DATA     BIT       CCF0
      000000D8H.1 SFRSYM    DATA     BIT       CCF1
      000000CFH   SFRSYM    DATA     BYTE      SPDAT
      00000094H   SFRSYM    DATA     BYTE      P0M0

      01000006H   BLOCK     CODE     ---       LVL=0
      01000006H   LINE      CODE     ---       #14
      01000006H   LINE      CODE     ---       #15
      01000006H   LINE      CODE     ---       #16
      01000008H   LINE      CODE     ---       #17
      0100000AH   LINE      CODE     ---       #18
      ---         BLOCKEND  ---      ---       LVL=0

      01000265H   BLOCK     CODE     ---       LVL=0
      01000265H   LINE      CODE     ---       #20
      01000265H   LINE      CODE     ---       #21
      01000265H   LINE      CODE     ---       #22
      01000268H   LINE      CODE     ---       #23
      0100026BH   LINE      CODE     ---       #24
      0100026EH   LINE      CODE     ---       #25
      01000271H   LINE      CODE     ---       #26
      01000273H   LINE      CODE     ---       #27
      01000275H   LINE      CODE     ---       #28
      01000277H   LINE      CODE     ---       #29
      ---         BLOCKEND  ---      ---       LVL=0

      010002BCH   BLOCK     CODE     ---       LVL=0
      010002BCH   LINE      CODE     ---       #31
      010002BCH   LINE      CODE     ---       #33
      010002BEH   LINE      CODE     ---       #34
      010002C0H   LINE      CODE     ---       #35
      ---         BLOCKEND  ---      ---       LVL=0

      01000187H   BLOCK     CODE     ---       LVL=0
      0100018BH   BLOCK     CODE     NEAR LAB  LVL=1
      00000025H   SYMBOL    DATA     WORD      time
      ---         BLOCKEND  ---      ---       LVL=1
      01000187H   LINE      CODE     ---       #37
      0100018BH   LINE      CODE     ---       #40
      01000193H   LINE      CODE     ---       #41
      0100019CH   LINE      CODE     ---       #42
      0100019CH   LINE      CODE     ---       #43
      0100019FH   LINE      CODE     ---       #44
      0100019FH   LINE      CODE     ---       #45
      010001A2H   LINE      CODE     ---       #46
      010001A4H   LINE      CODE     ---       #47
      010001A6H   LINE      CODE     ---       #48
      010001A8H   LINE      CODE     ---       #50
      010001A8H   LINE      CODE     ---       #51
      010001ABH   LINE      CODE     ---       #52
      010001ADH   LINE      CODE     ---       #53
LX51 LINKER/LOCATER V4.66.66.0                                                        11/29/2016  21:13:09  PAGE 11


      010001ADH   LINE      CODE     ---       #54
      010001B3H   LINE      CODE     ---       #55
      010001B3H   LINE      CODE     ---       #56
      ---         BLOCKEND  ---      ---       LVL=0

      010000DCH   BLOCK     CODE     ---       LVL=0
      010000DCH   BLOCK     CODE     NEAR LAB  LVL=1
      00000017H   SYMBOL    DATA     BYTE      i
      ---         BLOCKEND  ---      ---       LVL=1
      010000DCH   LINE      CODE     ---       #58
      010000DCH   LINE      CODE     ---       #59
      010000DCH   LINE      CODE     ---       #60
      010000DFH   LINE      CODE     ---       #61
      010000E1H   LINE      CODE     ---       #62
      010000E3H   LINE      CODE     ---       #63
      010000E6H   LINE      CODE     ---       #64
      010000E9H   LINE      CODE     ---       #65
      010000ECH   LINE      CODE     ---       #66
      010000F3H   LINE      CODE     ---       #67
      010000F3H   LINE      CODE     ---       #68
      010000F3H   LINE      CODE     ---       #69
      010000FAH   LINE      CODE     ---       #70
      01000108H   LINE      CODE     ---       #71
      01000111H   LINE      CODE     ---       #72
      01000118H   LINE      CODE     ---       #73
      ---         BLOCKEND  ---      ---       LVL=0

      ---         MODULE    ---      ---       DELAY
      01000278H   PUBLIC    CODE     ---       _DelayUs
      01000216H   PUBLIC    CODE     ---       _DelayMs
      000000D8H.2 SFRSYM    DATA     BIT       CCF2
      00000092H   SFRSYM    DATA     BYTE      P1M0
      00000093H   SFRSYM    DATA     BYTE      P0M1
      00000096H   SFRSYM    DATA     BYTE      P2M0
      00000091H   SFRSYM    DATA     BYTE      P1M1
      00000080H   SFRSYM    DATA     BYTE      P0
      000000B2H   SFRSYM    DATA     BYTE      P3M0
      00000095H   SFRSYM    DATA     BYTE      P2M1
      00000090H   SFRSYM    DATA     BYTE      P1
      000000B4H   SFRSYM    DATA     BYTE      P4M0
      000000B1H   SFRSYM    DATA     BYTE      P3M1
      000000A0H   SFRSYM    DATA     BYTE      P2
      000000ABH   SFRSYM    DATA     BYTE      WKTCH
      000000CAH   SFRSYM    DATA     BYTE      P5M0
      000000B3H   SFRSYM    DATA     BYTE      P4M1
      000000B0H   SFRSYM    DATA     BYTE      P3
      000000CCH   SFRSYM    DATA     BYTE      P6M0
      000000C9H   SFRSYM    DATA     BYTE      P5M1
      000000C0H   SFRSYM    DATA     BYTE      P4
      000000D0H.6 SFRSYM    DATA     BIT       AC
      000000F6H   SFRSYM    DATA     BYTE      PWMIF
      000000E2H   SFRSYM    DATA     BYTE      P7M0
      000000CBH   SFRSYM    DATA     BYTE      P6M1
      000000C8H   SFRSYM    DATA     BYTE      P5
      000000A8H.7 SFRSYM    DATA     BIT       EA
      000000E1H   SFRSYM    DATA     BYTE      P7M1
      000000E8H   SFRSYM    DATA     BYTE      P6
      000000AAH   SFRSYM    DATA     BYTE      WKTCL
      000000F8H   SFRSYM    DATA     BYTE      P7
      000000CEH   SFRSYM    DATA     BYTE      SPCTL
      000000D8H.7 SFRSYM    DATA     BIT       CF
      000000F5H   SFRSYM    DATA     BYTE      PWMCR
      000000F9H   SFRSYM    DATA     BYTE      CH
      000000A2H   SFRSYM    DATA     BYTE      P_SW1
      000000BAH   SFRSYM    DATA     BYTE      P_SW2
LX51 LINKER/LOCATER V4.66.66.0                                                        11/29/2016  21:13:09  PAGE 12


      000000A8H.5 SFRSYM    DATA     BIT       EADC
      000000A8H   SFRSYM    DATA     BYTE      IE
      000000E9H   SFRSYM    DATA     BYTE      CL
      000000C5H   SFRSYM    DATA     BYTE      IAP_CMD
      000000FAH   SFRSYM    DATA     BYTE      CCAP0H
      000000FBH   SFRSYM    DATA     BYTE      CCAP1H
      000000FCH   SFRSYM    DATA     BYTE      CCAP2H
      000000BDH   SFRSYM    DATA     BYTE      ADC_RES
      000000EAH   SFRSYM    DATA     BYTE      CCAP0L
      000000D8H.6 SFRSYM    DATA     BIT       CR
      000000F7H   SFRSYM    DATA     BYTE      PWMFDCR
      000000EBH   SFRSYM    DATA     BYTE      CCAP1L
      000000DAH   SFRSYM    DATA     BYTE      CCAPM0
      000000ECH   SFRSYM    DATA     BYTE      CCAP2L
      000000DBH   SFRSYM    DATA     BYTE      CCAPM1
      000000DCH   SFRSYM    DATA     BYTE      CCAPM2
      000000A8H.4 SFRSYM    DATA     BIT       ES
      000000B8H.5 SFRSYM    DATA     BIT       PADC
      000000B8H   SFRSYM    DATA     BYTE      IP
      00000098H   SFRSYM    DATA     BIT       RI
      000000D0H.7 SFRSYM    DATA     BIT       CY
      00000098H.1 SFRSYM    DATA     BIT       TI
      00000097H   SFRSYM    DATA     BYTE      CLK_DIV
      000000C3H   SFRSYM    DATA     BYTE      IAP_ADDRH
      000000B8H.4 SFRSYM    DATA     BIT       PS
      00000081H   SFRSYM    DATA     BYTE      SP
      000000D9H   SFRSYM    DATA     BYTE      CMOD
      000000D8H   SFRSYM    DATA     BYTE      CCON
      000000C4H   SFRSYM    DATA     BYTE      IAP_ADDRL
      000000B8H.7 SFRSYM    DATA     BIT       PPCA
      000000D0H.2 SFRSYM    DATA     BIT       OV
      000000E6H   SFRSYM    DATA     BYTE      CMPCR1
      000000E7H   SFRSYM    DATA     BYTE      CMPCR2
      000000A8H.6 SFRSYM    DATA     BIT       ELVD
      00000080H   SFRSYM    DATA     BIT       P00
      000000BCH   SFRSYM    DATA     BYTE      ADC_CONTR
      00000099H   SFRSYM    DATA     BYTE      SBUF
      00000087H   SFRSYM    DATA     BYTE      PCON
      00000090H   SFRSYM    DATA     BIT       P10
      00000080H.1 SFRSYM    DATA     BIT       P01
      000000A0H   SFRSYM    DATA     BIT       P20
      00000090H.1 SFRSYM    DATA     BIT       P11
      00000080H.2 SFRSYM    DATA     BIT       P02
      000000B0H   SFRSYM    DATA     BIT       P30
      000000A0H.1 SFRSYM    DATA     BIT       P21
      00000090H.2 SFRSYM    DATA     BIT       P12
      00000080H.3 SFRSYM    DATA     BIT       P03
      00000098H   SFRSYM    DATA     BYTE      SCON
      000000C0H   SFRSYM    DATA     BIT       P40
      000000B0H.1 SFRSYM    DATA     BIT       P31
      000000A0H.2 SFRSYM    DATA     BIT       P22
      00000090H.3 SFRSYM    DATA     BIT       P13
      00000080H.4 SFRSYM    DATA     BIT       P04
      00000089H   SFRSYM    DATA     BYTE      TMOD
      00000088H   SFRSYM    DATA     BYTE      TCON
      000000C8H   SFRSYM    DATA     BIT       P50
      000000C0H.1 SFRSYM    DATA     BIT       P41
      000000B0H.2 SFRSYM    DATA     BIT       P32
      000000A0H.3 SFRSYM    DATA     BIT       P23
      00000090H.4 SFRSYM    DATA     BIT       P14
      00000080H.5 SFRSYM    DATA     BIT       P05
      000000E8H   SFRSYM    DATA     BIT       P60
      000000C8H.1 SFRSYM    DATA     BIT       P51
      000000C0H.2 SFRSYM    DATA     BIT       P42
      000000B0H.3 SFRSYM    DATA     BIT       P33
LX51 LINKER/LOCATER V4.66.66.0                                                        11/29/2016  21:13:09  PAGE 13


      000000A0H.4 SFRSYM    DATA     BIT       P24
      00000090H.5 SFRSYM    DATA     BIT       P15
      00000080H.6 SFRSYM    DATA     BIT       P06
      000000B8H.6 SFRSYM    DATA     BIT       PLVD
      000000F8H   SFRSYM    DATA     BIT       P70
      000000E8H.1 SFRSYM    DATA     BIT       P61
      000000C8H.2 SFRSYM    DATA     BIT       P52
      000000C0H.3 SFRSYM    DATA     BIT       P43
      000000B0H.4 SFRSYM    DATA     BIT       P34
      000000A0H.5 SFRSYM    DATA     BIT       P25
      00000090H.6 SFRSYM    DATA     BIT       P16
      00000080H.7 SFRSYM    DATA     BIT       P07
      000000F8H.1 SFRSYM    DATA     BIT       P71
      000000E8H.2 SFRSYM    DATA     BIT       P62
      000000C8H.3 SFRSYM    DATA     BIT       P53
      000000C0H.4 SFRSYM    DATA     BIT       P44
      000000B0H.5 SFRSYM    DATA     BIT       P35
      000000A0H.6 SFRSYM    DATA     BIT       P26
      00000090H.7 SFRSYM    DATA     BIT       P17
      000000F8H.2 SFRSYM    DATA     BIT       P72
      000000E8H.3 SFRSYM    DATA     BIT       P63
      000000C8H.4 SFRSYM    DATA     BIT       P54
      000000C0H.5 SFRSYM    DATA     BIT       P45
      000000B0H.6 SFRSYM    DATA     BIT       P36
      000000A0H.7 SFRSYM    DATA     BIT       P27
      000000F8H.3 SFRSYM    DATA     BIT       P73
      000000E8H.4 SFRSYM    DATA     BIT       P64
      000000C8H.5 SFRSYM    DATA     BIT       P55
      000000C0H.6 SFRSYM    DATA     BIT       P46
      000000B0H.7 SFRSYM    DATA     BIT       P37
      000000F8H.4 SFRSYM    DATA     BIT       P74
      000000E8H.5 SFRSYM    DATA     BIT       P65
      000000C8H.6 SFRSYM    DATA     BIT       P56
      000000C0H.7 SFRSYM    DATA     BIT       P47
      000000F8H.5 SFRSYM    DATA     BIT       P75
      000000E8H.6 SFRSYM    DATA     BIT       P66
      000000C8H.7 SFRSYM    DATA     BIT       P57
      000000F8H.6 SFRSYM    DATA     BIT       P76
      000000E8H.7 SFRSYM    DATA     BIT       P67
      00000088H.1 SFRSYM    DATA     BIT       IE0
      000000A1H   SFRSYM    DATA     BYTE      BUS_SPEED
      000000F8H.7 SFRSYM    DATA     BIT       P77
      00000088H.3 SFRSYM    DATA     BIT       IE1
      000000AFH   SFRSYM    DATA     BYTE      IE2
      0000008EH   SFRSYM    DATA     BYTE      AUXR
      000000F0H   SFRSYM    DATA     BYTE      B
      000000C7H   SFRSYM    DATA     BYTE      IAP_CONTR
      000000F1H   SFRSYM    DATA     BYTE      PWMCFG
      000000E0H   SFRSYM    DATA     BYTE      ACC
      000000A8H.1 SFRSYM    DATA     BIT       ET0
      00000088H.5 SFRSYM    DATA     BIT       TF0
      000000A8H.3 SFRSYM    DATA     BIT       ET1
      00000088H.7 SFRSYM    DATA     BIT       TF1
      000000B5H   SFRSYM    DATA     BYTE      IP2
      00000098H.2 SFRSYM    DATA     BIT       RB8
      0000008CH   SFRSYM    DATA     BYTE      TH0
      0000008DH   SFRSYM    DATA     BYTE      TH1
      00000088H   SFRSYM    DATA     BIT       IT0
      000000A8H   SFRSYM    DATA     BIT       EX0
      00000098H.3 SFRSYM    DATA     BIT       TB8
      000000D6H   SFRSYM    DATA     BYTE      T2H
      00000088H.2 SFRSYM    DATA     BIT       IT1
      000000A8H.2 SFRSYM    DATA     BIT       EX1
      000000D4H   SFRSYM    DATA     BYTE      T3H
      000000D0H   SFRSYM    DATA     BIT       P
LX51 LINKER/LOCATER V4.66.66.0                                                        11/29/2016  21:13:09  PAGE 14


      00000098H.7 SFRSYM    DATA     BIT       SM0
      000000D2H   SFRSYM    DATA     BYTE      T4H
      0000008AH   SFRSYM    DATA     BYTE      TL0
      00000098H.6 SFRSYM    DATA     BIT       SM1
      0000008BH   SFRSYM    DATA     BYTE      TL1
      00000098H.5 SFRSYM    DATA     BIT       SM2
      000000D7H   SFRSYM    DATA     BYTE      T2L
      000000D5H   SFRSYM    DATA     BYTE      T3L
      000000D3H   SFRSYM    DATA     BYTE      T4L
      000000B8H.1 SFRSYM    DATA     BIT       PT0
      000000B8H.3 SFRSYM    DATA     BIT       PT1
      000000D0H.3 SFRSYM    DATA     BIT       RS0
      000000C2H   SFRSYM    DATA     BYTE      IAP_DATA
      00000088H.4 SFRSYM    DATA     BIT       TR0
      000000D0H.4 SFRSYM    DATA     BIT       RS1
      00000088H.6 SFRSYM    DATA     BIT       TR1
      000000C1H   SFRSYM    DATA     BYTE      WDT_CONTR
      000000B8H   SFRSYM    DATA     BIT       PX0
      000000B8H.2 SFRSYM    DATA     BIT       PX1
      000000F2H   SFRSYM    DATA     BYTE      PCA_PWM0
      000000F3H   SFRSYM    DATA     BYTE      PCA_PWM1
      000000F4H   SFRSYM    DATA     BYTE      PCA_PWM2
      0000009DH   SFRSYM    DATA     BYTE      P1ASF
      00000083H   SFRSYM    DATA     BYTE      DPH
      000000D1H   SFRSYM    DATA     BYTE      T3T4M
      000000D1H   SFRSYM    DATA     BYTE      T4T3M
      000000BEH   SFRSYM    DATA     BYTE      ADC_RESL
      00000082H   SFRSYM    DATA     BYTE      DPL
      000000CDH   SFRSYM    DATA     BYTE      SPSTAT
      0000009BH   SFRSYM    DATA     BYTE      S2BUF
      000000ADH   SFRSYM    DATA     BYTE      S3BUF
      00000085H   SFRSYM    DATA     BYTE      S4BUF
      00000098H.4 SFRSYM    DATA     BIT       REN
      0000009AH   SFRSYM    DATA     BYTE      S2CON
      000000ACH   SFRSYM    DATA     BYTE      S3CON
      00000084H   SFRSYM    DATA     BYTE      S4CON
      000000B9H   SFRSYM    DATA     BYTE      SADEN
      000000A9H   SFRSYM    DATA     BYTE      SADDR
      000000C6H   SFRSYM    DATA     BYTE      IAP_TRIG
      000000A2H   SFRSYM    DATA     BYTE      AUXR1
      000000D0H.5 SFRSYM    DATA     BIT       F0
      0000008FH   SFRSYM    DATA     BYTE      INT_CLKO
      000000D0H   SFRSYM    DATA     BYTE      PSW
      000000D8H   SFRSYM    DATA     BIT       CCF0
      000000D8H.1 SFRSYM    DATA     BIT       CCF1
      000000CFH   SFRSYM    DATA     BYTE      SPDAT
      00000094H   SFRSYM    DATA     BYTE      P0M0

      01000216H   BLOCK     CODE     ---       LVL=0
      00000006H   SYMBOL    DATA     WORD      ms
      01000216H   BLOCK     CODE     NEAR LAB  LVL=1
      00000005H   SYMBOL    DATA     BYTE      i
      00000004H   SYMBOL    DATA     BYTE      j
      ---         BLOCKEND  ---      ---       LVL=1
      01000216H   LINE      CODE     ---       #7
      01000216H   LINE      CODE     ---       #8
      01000216H   LINE      CODE     ---       #10
      01000220H   LINE      CODE     ---       #11
      01000220H   LINE      CODE     ---       #12
      01000228H   LINE      CODE     ---       #13
      01000231H   LINE      CODE     ---       #14
      01000231H   LINE      CODE     ---       #15
      ---         BLOCKEND  ---      ---       LVL=0

      01000278H   BLOCK     CODE     ---       LVL=0
LX51 LINKER/LOCATER V4.66.66.0                                                        11/29/2016  21:13:09  PAGE 15


      00000006H   SYMBOL    DATA     WORD      us
      01000278H   BLOCK     CODE     NEAR LAB  LVL=1
      00000004H   SYMBOL    DATA     WORD      i
      ---         BLOCKEND  ---      ---       LVL=1
      01000278H   LINE      CODE     ---       #17
      01000278H   LINE      CODE     ---       #18
      01000278H   LINE      CODE     ---       #20
      01000282H   LINE      CODE     ---       #21
      0100028AH   LINE      CODE     ---       #22
      ---         BLOCKEND  ---      ---       LVL=0

      ---         MODULE    ---      ---       NRF24L01_TX
      00000012H   PUBLIC    DATA     ---       TX_DAT
      0000000DH   PUBLIC    DATA     ---       TX_ADDRESS
      00000008H   PUBLIC    DATA     ---       RX_ADDRESS
      010001E9H   PUBLIC    CODE     ---       SetTX_Mode
      0100009AH   PUBLIC    CODE     ---       _NRF24L01_TxPacket
      0000001BH   PUBLIC    DATA     BYTE      ?_SPI_Write_Buf?BYTE
      01000155H   PUBLIC    CODE     ---       _SPI_Write_Buf
      00000020H   PUBLIC    DATA     BYTE      ?_SPI_Read_Buf?BYTE
      010001B8H   PUBLIC    CODE     ---       _SPI_Read_Buf
      010002AFH   PUBLIC    CODE     ---       _SPI_Read
      0100029EH   PUBLIC    CODE     ---       _SPI_RW_Reg
      0100024CH   PUBLIC    CODE     ---       _SPI_RW
      000000D8H.2 SFRSYM    DATA     BIT       CCF2
      00000092H   SFRSYM    DATA     BYTE      P1M0
      00000093H   SFRSYM    DATA     BYTE      P0M1
      00000096H   SFRSYM    DATA     BYTE      P2M0
      00000091H   SFRSYM    DATA     BYTE      P1M1
      00000080H   SFRSYM    DATA     BYTE      P0
      000000B2H   SFRSYM    DATA     BYTE      P3M0
      00000095H   SFRSYM    DATA     BYTE      P2M1
      00000090H   SFRSYM    DATA     BYTE      P1
      000000B4H   SFRSYM    DATA     BYTE      P4M0
      000000B1H   SFRSYM    DATA     BYTE      P3M1
      000000A0H   SFRSYM    DATA     BYTE      P2
      000000ABH   SFRSYM    DATA     BYTE      WKTCH
      000000CAH   SFRSYM    DATA     BYTE      P5M0
      000000B3H   SFRSYM    DATA     BYTE      P4M1
      000000B0H   SFRSYM    DATA     BYTE      P3
      000000CCH   SFRSYM    DATA     BYTE      P6M0
      000000C9H   SFRSYM    DATA     BYTE      P5M1
      000000C0H   SFRSYM    DATA     BYTE      P4
      000000D0H.6 SFRSYM    DATA     BIT       AC
      000000F6H   SFRSYM    DATA     BYTE      PWMIF
      000000E2H   SFRSYM    DATA     BYTE      P7M0
      000000CBH   SFRSYM    DATA     BYTE      P6M1
      000000C8H   SFRSYM    DATA     BYTE      P5
      000000A8H.7 SFRSYM    DATA     BIT       EA
      000000E1H   SFRSYM    DATA     BYTE      P7M1
      000000E8H   SFRSYM    DATA     BYTE      P6
      000000AAH   SFRSYM    DATA     BYTE      WKTCL
      000000F8H   SFRSYM    DATA     BYTE      P7
      00000090H.2 SFRSYM    DATA     BIT       CE
      000000CEH   SFRSYM    DATA     BYTE      SPCTL
      000000D8H.7 SFRSYM    DATA     BIT       CF
      000000F5H   SFRSYM    DATA     BYTE      PWMCR
      000000F9H   SFRSYM    DATA     BYTE      CH
      000000A2H   SFRSYM    DATA     BYTE      P_SW1
      000000BAH   SFRSYM    DATA     BYTE      P_SW2
      000000A8H.5 SFRSYM    DATA     BIT       EADC
      000000A8H   SFRSYM    DATA     BYTE      IE
      000000E9H   SFRSYM    DATA     BYTE      CL
      000000C5H   SFRSYM    DATA     BYTE      IAP_CMD
      000000FAH   SFRSYM    DATA     BYTE      CCAP0H
LX51 LINKER/LOCATER V4.66.66.0                                                        11/29/2016  21:13:09  PAGE 16


      000000FBH   SFRSYM    DATA     BYTE      CCAP1H
      000000FCH   SFRSYM    DATA     BYTE      CCAP2H
      000000BDH   SFRSYM    DATA     BYTE      ADC_RES
      000000EAH   SFRSYM    DATA     BYTE      CCAP0L
      000000D8H.6 SFRSYM    DATA     BIT       CR
      000000F7H   SFRSYM    DATA     BYTE      PWMFDCR
      000000EBH   SFRSYM    DATA     BYTE      CCAP1L
      000000DAH   SFRSYM    DATA     BYTE      CCAPM0
      000000ECH   SFRSYM    DATA     BYTE      CCAP2L
      000000DBH   SFRSYM    DATA     BYTE      CCAPM1
      000000DCH   SFRSYM    DATA     BYTE      CCAPM2
      000000A8H.4 SFRSYM    DATA     BIT       ES
      000000B8H.5 SFRSYM    DATA     BIT       PADC
      000000B8H   SFRSYM    DATA     BYTE      IP
      00000098H   SFRSYM    DATA     BIT       RI
      000000D0H.7 SFRSYM    DATA     BIT       CY
      00000098H.1 SFRSYM    DATA     BIT       TI
      00000097H   SFRSYM    DATA     BYTE      CLK_DIV
      000000C3H   SFRSYM    DATA     BYTE      IAP_ADDRH
      000000B8H.4 SFRSYM    DATA     BIT       PS
      00000081H   SFRSYM    DATA     BYTE      SP
      000000D9H   SFRSYM    DATA     BYTE      CMOD
      000000D8H   SFRSYM    DATA     BYTE      CCON
      000000C4H   SFRSYM    DATA     BYTE      IAP_ADDRL
      000000B8H.7 SFRSYM    DATA     BIT       PPCA
      000000D0H.2 SFRSYM    DATA     BIT       OV
      000000E6H   SFRSYM    DATA     BYTE      CMPCR1
      000000E7H   SFRSYM    DATA     BYTE      CMPCR2
      000000A8H.6 SFRSYM    DATA     BIT       ELVD
      00000080H   SFRSYM    DATA     BIT       P00
      000000BCH   SFRSYM    DATA     BYTE      ADC_CONTR
      00000099H   SFRSYM    DATA     BYTE      SBUF
      00000087H   SFRSYM    DATA     BYTE      PCON
      00000090H   SFRSYM    DATA     BIT       P10
      00000080H.1 SFRSYM    DATA     BIT       P01
      000000A0H   SFRSYM    DATA     BIT       P20
      00000090H.1 SFRSYM    DATA     BIT       P11
      00000080H.2 SFRSYM    DATA     BIT       P02
      000000B0H   SFRSYM    DATA     BIT       P30
      000000A0H.1 SFRSYM    DATA     BIT       P21
      00000090H.2 SFRSYM    DATA     BIT       P12
      00000080H.3 SFRSYM    DATA     BIT       P03
      00000098H   SFRSYM    DATA     BYTE      SCON
      000000C0H   SFRSYM    DATA     BIT       P40
      000000B0H.1 SFRSYM    DATA     BIT       P31
      000000A0H.2 SFRSYM    DATA     BIT       P22
      00000090H.3 SFRSYM    DATA     BIT       P13
      00000080H.4 SFRSYM    DATA     BIT       P04
      00000089H   SFRSYM    DATA     BYTE      TMOD
      00000088H   SFRSYM    DATA     BYTE      TCON
      000000C8H   SFRSYM    DATA     BIT       P50
      000000C0H.1 SFRSYM    DATA     BIT       P41
      000000B0H.2 SFRSYM    DATA     BIT       P32
      000000A0H.3 SFRSYM    DATA     BIT       P23
      00000090H.4 SFRSYM    DATA     BIT       P14
      00000080H.5 SFRSYM    DATA     BIT       P05
      000000E8H   SFRSYM    DATA     BIT       P60
      000000C8H.1 SFRSYM    DATA     BIT       P51
      000000C0H.2 SFRSYM    DATA     BIT       P42
      000000B0H.3 SFRSYM    DATA     BIT       P33
      000000A0H.4 SFRSYM    DATA     BIT       P24
      00000090H.5 SFRSYM    DATA     BIT       P15
      00000080H.6 SFRSYM    DATA     BIT       P06
      000000B8H.6 SFRSYM    DATA     BIT       PLVD
      000000F8H   SFRSYM    DATA     BIT       P70
LX51 LINKER/LOCATER V4.66.66.0                                                        11/29/2016  21:13:09  PAGE 17


      000000E8H.1 SFRSYM    DATA     BIT       P61
      000000C8H.2 SFRSYM    DATA     BIT       P52
      000000C0H.3 SFRSYM    DATA     BIT       P43
      000000B0H.4 SFRSYM    DATA     BIT       P34
      000000A0H.5 SFRSYM    DATA     BIT       P25
      00000090H.6 SFRSYM    DATA     BIT       P16
      00000080H.7 SFRSYM    DATA     BIT       P07
      000000F8H.1 SFRSYM    DATA     BIT       P71
      000000E8H.2 SFRSYM    DATA     BIT       P62
      000000C8H.3 SFRSYM    DATA     BIT       P53
      000000C0H.4 SFRSYM    DATA     BIT       P44
      000000B0H.5 SFRSYM    DATA     BIT       P35
      000000A0H.6 SFRSYM    DATA     BIT       P26
      00000090H.7 SFRSYM    DATA     BIT       P17
      00000090H.6 SFRSYM    DATA     BIT       MISO
      00000090H.5 SFRSYM    DATA     BIT       MOSI
      000000F8H.2 SFRSYM    DATA     BIT       P72
      000000E8H.3 SFRSYM    DATA     BIT       P63
      000000C8H.4 SFRSYM    DATA     BIT       P54
      000000C0H.5 SFRSYM    DATA     BIT       P45
      000000B0H.6 SFRSYM    DATA     BIT       P36
      000000A0H.7 SFRSYM    DATA     BIT       P27
      000000F8H.3 SFRSYM    DATA     BIT       P73
      000000E8H.4 SFRSYM    DATA     BIT       P64
      000000C8H.5 SFRSYM    DATA     BIT       P55
      000000C0H.6 SFRSYM    DATA     BIT       P46
      000000B0H.7 SFRSYM    DATA     BIT       P37
      000000F8H.4 SFRSYM    DATA     BIT       P74
      000000E8H.5 SFRSYM    DATA     BIT       P65
      000000C8H.6 SFRSYM    DATA     BIT       P56
      000000C0H.7 SFRSYM    DATA     BIT       P47
      000000F8H.5 SFRSYM    DATA     BIT       P75
      000000E8H.6 SFRSYM    DATA     BIT       P66
      000000C8H.7 SFRSYM    DATA     BIT       P57
      000000F8H.6 SFRSYM    DATA     BIT       P76
      000000E8H.7 SFRSYM    DATA     BIT       P67
      00000088H.1 SFRSYM    DATA     BIT       IE0
      000000A1H   SFRSYM    DATA     BYTE      BUS_SPEED
      000000F8H.7 SFRSYM    DATA     BIT       P77
      00000088H.3 SFRSYM    DATA     BIT       IE1
      000000AFH   SFRSYM    DATA     BYTE      IE2
      0000008EH   SFRSYM    DATA     BYTE      AUXR
      000000F0H   SFRSYM    DATA     BYTE      B
      000000C7H   SFRSYM    DATA     BYTE      IAP_CONTR
      000000F1H   SFRSYM    DATA     BYTE      PWMCFG
      000000E0H   SFRSYM    DATA     BYTE      ACC
      000000A8H.1 SFRSYM    DATA     BIT       ET0
      00000088H.5 SFRSYM    DATA     BIT       TF0
      000000A8H.3 SFRSYM    DATA     BIT       ET1
      00000088H.7 SFRSYM    DATA     BIT       TF1
      000000B5H   SFRSYM    DATA     BYTE      IP2
      00000098H.2 SFRSYM    DATA     BIT       RB8
      0000008CH   SFRSYM    DATA     BYTE      TH0
      0000008DH   SFRSYM    DATA     BYTE      TH1
      00000088H   SFRSYM    DATA     BIT       IT0
      000000A8H   SFRSYM    DATA     BIT       EX0
      00000098H.3 SFRSYM    DATA     BIT       TB8
      000000D6H   SFRSYM    DATA     BYTE      T2H
      00000088H.2 SFRSYM    DATA     BIT       IT1
      000000A8H.2 SFRSYM    DATA     BIT       EX1
      000000D4H   SFRSYM    DATA     BYTE      T3H
      000000D0H   SFRSYM    DATA     BIT       P
      00000098H.7 SFRSYM    DATA     BIT       SM0
      000000D2H   SFRSYM    DATA     BYTE      T4H
      0000008AH   SFRSYM    DATA     BYTE      TL0
LX51 LINKER/LOCATER V4.66.66.0                                                        11/29/2016  21:13:09  PAGE 18


      00000098H.6 SFRSYM    DATA     BIT       SM1
      0000008BH   SFRSYM    DATA     BYTE      TL1
      00000098H.5 SFRSYM    DATA     BIT       SM2
      000000D7H   SFRSYM    DATA     BYTE      T2L
      000000D5H   SFRSYM    DATA     BYTE      T3L
      000000D3H   SFRSYM    DATA     BYTE      T4L
      000000B8H.1 SFRSYM    DATA     BIT       PT0
      000000B8H.3 SFRSYM    DATA     BIT       PT1
      000000D0H.3 SFRSYM    DATA     BIT       RS0
      000000C2H   SFRSYM    DATA     BYTE      IAP_DATA
      00000088H.4 SFRSYM    DATA     BIT       TR0
      000000D0H.4 SFRSYM    DATA     BIT       RS1
      00000088H.6 SFRSYM    DATA     BIT       TR1
      000000C1H   SFRSYM    DATA     BYTE      WDT_CONTR
      000000B8H   SFRSYM    DATA     BIT       PX0
      000000B8H.2 SFRSYM    DATA     BIT       PX1
      000000F2H   SFRSYM    DATA     BYTE      PCA_PWM0
      000000F3H   SFRSYM    DATA     BYTE      PCA_PWM1
      000000F4H   SFRSYM    DATA     BYTE      PCA_PWM2
      0000009DH   SFRSYM    DATA     BYTE      P1ASF
      00000083H   SFRSYM    DATA     BYTE      DPH
      000000D1H   SFRSYM    DATA     BYTE      T3T4M
      000000D1H   SFRSYM    DATA     BYTE      T4T3M
      000000BEH   SFRSYM    DATA     BYTE      ADC_RESL
      00000082H   SFRSYM    DATA     BYTE      DPL
      00000090H.4 SFRSYM    DATA     BIT       SCK
      000000CDH   SFRSYM    DATA     BYTE      SPSTAT
      0000009BH   SFRSYM    DATA     BYTE      S2BUF
      00000090H.3 SFRSYM    DATA     BIT       CSN
      000000ADH   SFRSYM    DATA     BYTE      S3BUF
      00000085H   SFRSYM    DATA     BYTE      S4BUF
      00000098H.4 SFRSYM    DATA     BIT       REN
      0000009AH   SFRSYM    DATA     BYTE      S2CON
      000000ACH   SFRSYM    DATA     BYTE      S3CON
      00000084H   SFRSYM    DATA     BYTE      S4CON
      000000B9H   SFRSYM    DATA     BYTE      SADEN
      000000A9H   SFRSYM    DATA     BYTE      SADDR
      000000C6H   SFRSYM    DATA     BYTE      IAP_TRIG
      000000A2H   SFRSYM    DATA     BYTE      AUXR1
      000000D0H.5 SFRSYM    DATA     BIT       F0
      0000008FH   SFRSYM    DATA     BYTE      INT_CLKO
      000000D0H   SFRSYM    DATA     BYTE      PSW
      000000D8H   SFRSYM    DATA     BIT       CCF0
      000000D8H.1 SFRSYM    DATA     BIT       CCF1
      000000CFH   SFRSYM    DATA     BYTE      SPDAT
      00000094H   SFRSYM    DATA     BYTE      P0M0

      0100024CH   BLOCK     CODE     ---       LVL=0
      00000007H   SYMBOL    DATA     BYTE      dat
      0100024CH   BLOCK     CODE     NEAR LAB  LVL=1
      00000006H   SYMBOL    DATA     BYTE      i
      ---         BLOCKEND  ---      ---       LVL=1
      0100024CH   LINE      CODE     ---       #25
      0100024CH   LINE      CODE     ---       #26
      0100024CH   LINE      CODE     ---       #28
      0100024EH   LINE      CODE     ---       #29
      0100024EH   LINE      CODE     ---       #30
      01000252H   LINE      CODE     ---       #31
      01000256H   LINE      CODE     ---       #32
      01000258H   LINE      CODE     ---       #33
      0100025EH   LINE      CODE     ---       #34
      01000260H   LINE      CODE     ---       #35
      01000264H   LINE      CODE     ---       #36
      01000264H   LINE      CODE     ---       #37
      ---         BLOCKEND  ---      ---       LVL=0
LX51 LINKER/LOCATER V4.66.66.0                                                        11/29/2016  21:13:09  PAGE 19



      0100029EH   BLOCK     CODE     ---       LVL=0
      00000007H   SYMBOL    DATA     BYTE      reg
      00000005H   SYMBOL    DATA     BYTE      value
      0100029EH   BLOCK     CODE     NEAR LAB  LVL=1
      00000004H   SYMBOL    DATA     BYTE      status
      ---         BLOCKEND  ---      ---       LVL=1
      0100029EH   LINE      CODE     ---       #40
      0100029EH   LINE      CODE     ---       #41
      0100029EH   LINE      CODE     ---       #43
      010002A0H   LINE      CODE     ---       #44
      010002A5H   LINE      CODE     ---       #45
      010002AAH   LINE      CODE     ---       #46
      010002ACH   LINE      CODE     ---       #47
      010002AEH   LINE      CODE     ---       #48
      ---         BLOCKEND  ---      ---       LVL=0

      010002AFH   BLOCK     CODE     ---       LVL=0
      00000007H   SYMBOL    DATA     BYTE      reg
      010002AFH   BLOCK     CODE     NEAR LAB  LVL=1
      00000007H   SYMBOL    DATA     BYTE      reg_value
      ---         BLOCKEND  ---      ---       LVL=1
      010002AFH   LINE      CODE     ---       #51
      010002AFH   LINE      CODE     ---       #52
      010002AFH   LINE      CODE     ---       #54
      010002B1H   LINE      CODE     ---       #55
      010002B4H   LINE      CODE     ---       #56
      010002B9H   LINE      CODE     ---       #57
      010002BBH   LINE      CODE     ---       #58
      010002BBH   LINE      CODE     ---       #59
      ---         BLOCKEND  ---      ---       LVL=0

      010001B8H   BLOCK     CODE     ---       LVL=0
      00000007H   SYMBOL    DATA     BYTE      reg
      00000021H   SYMBOL    DATA     ---       pBuf
      00000024H   SYMBOL    DATA     BYTE      bytes
      010001BEH   BLOCK     CODE     NEAR LAB  LVL=1
      00000005H   SYMBOL    DATA     BYTE      status
      00000004H   SYMBOL    DATA     BYTE      i
      ---         BLOCKEND  ---      ---       LVL=1
      010001B8H   LINE      CODE     ---       #62
      010001BEH   LINE      CODE     ---       #63
      010001BEH   LINE      CODE     ---       #65
      010001C0H   LINE      CODE     ---       #66
      010001C5H   LINE      CODE     ---       #67
      010001CDH   LINE      CODE     ---       #68
      010001E4H   LINE      CODE     ---       #69
      010001E6H   LINE      CODE     ---       #70
      010001E8H   LINE      CODE     ---       #71
      ---         BLOCKEND  ---      ---       LVL=0

      01000155H   BLOCK     CODE     ---       LVL=0
      00000007H   SYMBOL    DATA     BYTE      reg
      0000001CH   SYMBOL    DATA     ---       pBuf
      0000001FH   SYMBOL    DATA     BYTE      bytes
      0100015BH   BLOCK     CODE     NEAR LAB  LVL=1
      00000005H   SYMBOL    DATA     BYTE      status
      00000004H   SYMBOL    DATA     BYTE      i
      ---         BLOCKEND  ---      ---       LVL=1
      01000155H   LINE      CODE     ---       #74
      0100015BH   LINE      CODE     ---       #75
      0100015BH   LINE      CODE     ---       #77
      0100015DH   LINE      CODE     ---       #78
      01000162H   LINE      CODE     ---       #79
      0100016AH   LINE      CODE     ---       #80
LX51 LINKER/LOCATER V4.66.66.0                                                        11/29/2016  21:13:09  PAGE 20


      01000182H   LINE      CODE     ---       #81
      01000184H   LINE      CODE     ---       #82
      01000186H   LINE      CODE     ---       #83
      ---         BLOCKEND  ---      ---       LVL=0

      0100009AH   BLOCK     CODE     ---       LVL=0
      00000018H   SYMBOL    DATA     ---       pTxBuf
      0100009AH   LINE      CODE     ---       #86
      010000A0H   LINE      CODE     ---       #87
      010000A0H   LINE      CODE     ---       #88
      010000A2H   LINE      CODE     ---       #89
      010000B0H   LINE      CODE     ---       #90
      010000BEH   LINE      CODE     ---       #91
      010000CCH   LINE      CODE     ---       #92
      010000D3H   LINE      CODE     ---       #93
      010000D5H   LINE      CODE     ---       #94
      ---         BLOCKEND  ---      ---       LVL=0

      010001E9H   BLOCK     CODE     ---       LVL=0
      010001E9H   LINE      CODE     ---       #98
      010001E9H   LINE      CODE     ---       #99
      010001E9H   LINE      CODE     ---       #100
      010001EBH   LINE      CODE     ---       #101
      010001EDH   LINE      CODE     ---       #102
      010001EFH   LINE      CODE     ---       #103
      010001F6H   LINE      CODE     ---       #104
      010001FBH   LINE      CODE     ---       #105
      01000201H   LINE      CODE     ---       #106
      01000208H   LINE      CODE     ---       #107
      0100020FH   LINE      CODE     ---       #108
      ---         BLOCKEND  ---      ---       LVL=0

      ---         MODULE    ---      ---       UART
      0100028BH   PUBLIC    CODE     ---       Uart_Init
      000000D8H.2 SFRSYM    DATA     BIT       CCF2
      00000092H   SFRSYM    DATA     BYTE      P1M0
      00000093H   SFRSYM    DATA     BYTE      P0M1
      00000096H   SFRSYM    DATA     BYTE      P2M0
      00000091H   SFRSYM    DATA     BYTE      P1M1
      00000080H   SFRSYM    DATA     BYTE      P0
      000000B2H   SFRSYM    DATA     BYTE      P3M0
      00000095H   SFRSYM    DATA     BYTE      P2M1
      00000090H   SFRSYM    DATA     BYTE      P1
      000000B4H   SFRSYM    DATA     BYTE      P4M0
      000000B1H   SFRSYM    DATA     BYTE      P3M1
      000000A0H   SFRSYM    DATA     BYTE      P2
      000000ABH   SFRSYM    DATA     BYTE      WKTCH
      000000CAH   SFRSYM    DATA     BYTE      P5M0
      000000B3H   SFRSYM    DATA     BYTE      P4M1
      000000B0H   SFRSYM    DATA     BYTE      P3
      000000CCH   SFRSYM    DATA     BYTE      P6M0
      000000C9H   SFRSYM    DATA     BYTE      P5M1
      000000C0H   SFRSYM    DATA     BYTE      P4
      000000D0H.6 SFRSYM    DATA     BIT       AC
      000000F6H   SFRSYM    DATA     BYTE      PWMIF
      000000E2H   SFRSYM    DATA     BYTE      P7M0
      000000CBH   SFRSYM    DATA     BYTE      P6M1
      000000C8H   SFRSYM    DATA     BYTE      P5
      000000A8H.7 SFRSYM    DATA     BIT       EA
      000000E1H   SFRSYM    DATA     BYTE      P7M1
      000000E8H   SFRSYM    DATA     BYTE      P6
      000000AAH   SFRSYM    DATA     BYTE      WKTCL
      000000F8H   SFRSYM    DATA     BYTE      P7
      000000CEH   SFRSYM    DATA     BYTE      SPCTL
      000000D8H.7 SFRSYM    DATA     BIT       CF
LX51 LINKER/LOCATER V4.66.66.0                                                        11/29/2016  21:13:09  PAGE 21


      000000F5H   SFRSYM    DATA     BYTE      PWMCR
      000000F9H   SFRSYM    DATA     BYTE      CH
      000000A2H   SFRSYM    DATA     BYTE      P_SW1
      000000BAH   SFRSYM    DATA     BYTE      P_SW2
      000000A8H.5 SFRSYM    DATA     BIT       EADC
      000000A8H   SFRSYM    DATA     BYTE      IE
      000000E9H   SFRSYM    DATA     BYTE      CL
      000000C5H   SFRSYM    DATA     BYTE      IAP_CMD
      000000FAH   SFRSYM    DATA     BYTE      CCAP0H
      000000FBH   SFRSYM    DATA     BYTE      CCAP1H
      000000FCH   SFRSYM    DATA     BYTE      CCAP2H
      000000BDH   SFRSYM    DATA     BYTE      ADC_RES
      000000EAH   SFRSYM    DATA     BYTE      CCAP0L
      000000D8H.6 SFRSYM    DATA     BIT       CR
      000000F7H   SFRSYM    DATA     BYTE      PWMFDCR
      000000EBH   SFRSYM    DATA     BYTE      CCAP1L
      000000DAH   SFRSYM    DATA     BYTE      CCAPM0
      000000ECH   SFRSYM    DATA     BYTE      CCAP2L
      000000DBH   SFRSYM    DATA     BYTE      CCAPM1
      000000DCH   SFRSYM    DATA     BYTE      CCAPM2
      000000A8H.4 SFRSYM    DATA     BIT       ES
      000000B8H.5 SFRSYM    DATA     BIT       PADC
      000000B8H   SFRSYM    DATA     BYTE      IP
      00000098H   SFRSYM    DATA     BIT       RI
      000000D0H.7 SFRSYM    DATA     BIT       CY
      00000098H.1 SFRSYM    DATA     BIT       TI
      00000097H   SFRSYM    DATA     BYTE      CLK_DIV
      000000C3H   SFRSYM    DATA     BYTE      IAP_ADDRH
      000000B8H.4 SFRSYM    DATA     BIT       PS
      00000081H   SFRSYM    DATA     BYTE      SP
      000000D9H   SFRSYM    DATA     BYTE      CMOD
      000000D8H   SFRSYM    DATA     BYTE      CCON
      000000C4H   SFRSYM    DATA     BYTE      IAP_ADDRL
      000000B8H.7 SFRSYM    DATA     BIT       PPCA
      000000D0H.2 SFRSYM    DATA     BIT       OV
      000000E6H   SFRSYM    DATA     BYTE      CMPCR1
      000000E7H   SFRSYM    DATA     BYTE      CMPCR2
      000000A8H.6 SFRSYM    DATA     BIT       ELVD
      00000080H   SFRSYM    DATA     BIT       P00
      000000BCH   SFRSYM    DATA     BYTE      ADC_CONTR
      00000099H   SFRSYM    DATA     BYTE      SBUF
      00000087H   SFRSYM    DATA     BYTE      PCON
      00000090H   SFRSYM    DATA     BIT       P10
      00000080H.1 SFRSYM    DATA     BIT       P01
      000000A0H   SFRSYM    DATA     BIT       P20
      00000090H.1 SFRSYM    DATA     BIT       P11
      00000080H.2 SFRSYM    DATA     BIT       P02
      000000B0H   SFRSYM    DATA     BIT       P30
      000000A0H.1 SFRSYM    DATA     BIT       P21
      00000090H.2 SFRSYM    DATA     BIT       P12
      00000080H.3 SFRSYM    DATA     BIT       P03
      00000098H   SFRSYM    DATA     BYTE      SCON
      000000C0H   SFRSYM    DATA     BIT       P40
      000000B0H.1 SFRSYM    DATA     BIT       P31
      000000A0H.2 SFRSYM    DATA     BIT       P22
      00000090H.3 SFRSYM    DATA     BIT       P13
      00000080H.4 SFRSYM    DATA     BIT       P04
      00000089H   SFRSYM    DATA     BYTE      TMOD
      00000088H   SFRSYM    DATA     BYTE      TCON
      000000C8H   SFRSYM    DATA     BIT       P50
      000000C0H.1 SFRSYM    DATA     BIT       P41
      000000B0H.2 SFRSYM    DATA     BIT       P32
      000000A0H.3 SFRSYM    DATA     BIT       P23
      00000090H.4 SFRSYM    DATA     BIT       P14
      00000080H.5 SFRSYM    DATA     BIT       P05
LX51 LINKER/LOCATER V4.66.66.0                                                        11/29/2016  21:13:09  PAGE 22


      000000E8H   SFRSYM    DATA     BIT       P60
      000000C8H.1 SFRSYM    DATA     BIT       P51
      000000C0H.2 SFRSYM    DATA     BIT       P42
      000000B0H.3 SFRSYM    DATA     BIT       P33
      000000A0H.4 SFRSYM    DATA     BIT       P24
      00000090H.5 SFRSYM    DATA     BIT       P15
      00000080H.6 SFRSYM    DATA     BIT       P06
      000000B8H.6 SFRSYM    DATA     BIT       PLVD
      000000F8H   SFRSYM    DATA     BIT       P70
      000000E8H.1 SFRSYM    DATA     BIT       P61
      000000C8H.2 SFRSYM    DATA     BIT       P52
      000000C0H.3 SFRSYM    DATA     BIT       P43
      000000B0H.4 SFRSYM    DATA     BIT       P34
      000000A0H.5 SFRSYM    DATA     BIT       P25
      00000090H.6 SFRSYM    DATA     BIT       P16
      00000080H.7 SFRSYM    DATA     BIT       P07
      000000F8H.1 SFRSYM    DATA     BIT       P71
      000000E8H.2 SFRSYM    DATA     BIT       P62
      000000C8H.3 SFRSYM    DATA     BIT       P53
      000000C0H.4 SFRSYM    DATA     BIT       P44
      000000B0H.5 SFRSYM    DATA     BIT       P35
      000000A0H.6 SFRSYM    DATA     BIT       P26
      00000090H.7 SFRSYM    DATA     BIT       P17
      000000F8H.2 SFRSYM    DATA     BIT       P72
      000000E8H.3 SFRSYM    DATA     BIT       P63
      000000C8H.4 SFRSYM    DATA     BIT       P54
      000000C0H.5 SFRSYM    DATA     BIT       P45
      000000B0H.6 SFRSYM    DATA     BIT       P36
      000000A0H.7 SFRSYM    DATA     BIT       P27
      000000F8H.3 SFRSYM    DATA     BIT       P73
      000000E8H.4 SFRSYM    DATA     BIT       P64
      000000C8H.5 SFRSYM    DATA     BIT       P55
      000000C0H.6 SFRSYM    DATA     BIT       P46
      000000B0H.7 SFRSYM    DATA     BIT       P37
      000000F8H.4 SFRSYM    DATA     BIT       P74
      000000E8H.5 SFRSYM    DATA     BIT       P65
      000000C8H.6 SFRSYM    DATA     BIT       P56
      000000C0H.7 SFRSYM    DATA     BIT       P47
      000000F8H.5 SFRSYM    DATA     BIT       P75
      000000E8H.6 SFRSYM    DATA     BIT       P66
      000000C8H.7 SFRSYM    DATA     BIT       P57
      000000F8H.6 SFRSYM    DATA     BIT       P76
      000000E8H.7 SFRSYM    DATA     BIT       P67
      00000088H.1 SFRSYM    DATA     BIT       IE0
      000000A1H   SFRSYM    DATA     BYTE      BUS_SPEED
      000000F8H.7 SFRSYM    DATA     BIT       P77
      00000088H.3 SFRSYM    DATA     BIT       IE1
      000000AFH   SFRSYM    DATA     BYTE      IE2
      0000008EH   SFRSYM    DATA     BYTE      AUXR
      000000F0H   SFRSYM    DATA     BYTE      B
      000000C7H   SFRSYM    DATA     BYTE      IAP_CONTR
      000000F1H   SFRSYM    DATA     BYTE      PWMCFG
      000000E0H   SFRSYM    DATA     BYTE      ACC
      000000A8H.1 SFRSYM    DATA     BIT       ET0
      00000088H.5 SFRSYM    DATA     BIT       TF0
      000000A8H.3 SFRSYM    DATA     BIT       ET1
      00000088H.7 SFRSYM    DATA     BIT       TF1
      000000B5H   SFRSYM    DATA     BYTE      IP2
      00000098H.2 SFRSYM    DATA     BIT       RB8
      0000008CH   SFRSYM    DATA     BYTE      TH0
      0000008DH   SFRSYM    DATA     BYTE      TH1
      00000088H   SFRSYM    DATA     BIT       IT0
      000000A8H   SFRSYM    DATA     BIT       EX0
      00000098H.3 SFRSYM    DATA     BIT       TB8
      000000D6H   SFRSYM    DATA     BYTE      T2H
LX51 LINKER/LOCATER V4.66.66.0                                                        11/29/2016  21:13:09  PAGE 23


      00000088H.2 SFRSYM    DATA     BIT       IT1
      000000A8H.2 SFRSYM    DATA     BIT       EX1
      000000D4H   SFRSYM    DATA     BYTE      T3H
      000000D0H   SFRSYM    DATA     BIT       P
      00000098H.7 SFRSYM    DATA     BIT       SM0
      000000D2H   SFRSYM    DATA     BYTE      T4H
      0000008AH   SFRSYM    DATA     BYTE      TL0
      00000098H.6 SFRSYM    DATA     BIT       SM1
      0000008BH   SFRSYM    DATA     BYTE      TL1
      00000098H.5 SFRSYM    DATA     BIT       SM2
      000000D7H   SFRSYM    DATA     BYTE      T2L
      000000D5H   SFRSYM    DATA     BYTE      T3L
      000000D3H   SFRSYM    DATA     BYTE      T4L
      000000B8H.1 SFRSYM    DATA     BIT       PT0
      000000B8H.3 SFRSYM    DATA     BIT       PT1
      000000D0H.3 SFRSYM    DATA     BIT       RS0
      000000C2H   SFRSYM    DATA     BYTE      IAP_DATA
      00000088H.4 SFRSYM    DATA     BIT       TR0
      000000D0H.4 SFRSYM    DATA     BIT       RS1
      00000088H.6 SFRSYM    DATA     BIT       TR1
      000000C1H   SFRSYM    DATA     BYTE      WDT_CONTR
      000000B8H   SFRSYM    DATA     BIT       PX0
      000000B8H.2 SFRSYM    DATA     BIT       PX1
      000000F2H   SFRSYM    DATA     BYTE      PCA_PWM0
      000000F3H   SFRSYM    DATA     BYTE      PCA_PWM1
      000000F4H   SFRSYM    DATA     BYTE      PCA_PWM2
      0000009DH   SFRSYM    DATA     BYTE      P1ASF
      00000083H   SFRSYM    DATA     BYTE      DPH
      000000D1H   SFRSYM    DATA     BYTE      T3T4M
      000000D1H   SFRSYM    DATA     BYTE      T4T3M
      000000BEH   SFRSYM    DATA     BYTE      ADC_RESL
      00000082H   SFRSYM    DATA     BYTE      DPL
      000000CDH   SFRSYM    DATA     BYTE      SPSTAT
      0000009BH   SFRSYM    DATA     BYTE      S2BUF
      000000ADH   SFRSYM    DATA     BYTE      S3BUF
      00000085H   SFRSYM    DATA     BYTE      S4BUF
      00000098H.4 SFRSYM    DATA     BIT       REN
      0000009AH   SFRSYM    DATA     BYTE      S2CON
      000000ACH   SFRSYM    DATA     BYTE      S3CON
      00000084H   SFRSYM    DATA     BYTE      S4CON
      000000B9H   SFRSYM    DATA     BYTE      SADEN
      000000A9H   SFRSYM    DATA     BYTE      SADDR
      000000C6H   SFRSYM    DATA     BYTE      IAP_TRIG
      000000A2H   SFRSYM    DATA     BYTE      AUXR1
      000000D0H.5 SFRSYM    DATA     BIT       F0
      0000008FH   SFRSYM    DATA     BYTE      INT_CLKO
      000000D0H   SFRSYM    DATA     BYTE      PSW
      000000D8H   SFRSYM    DATA     BIT       CCF0
      000000D8H.1 SFRSYM    DATA     BIT       CCF1
      000000CFH   SFRSYM    DATA     BYTE      SPDAT
      00000094H   SFRSYM    DATA     BYTE      P0M0

      0100028BH   BLOCK     CODE     ---       LVL=0
      0100028BH   LINE      CODE     ---       #6
      0100028BH   LINE      CODE     ---       #7
      0100028BH   LINE      CODE     ---       #8
      0100028EH   LINE      CODE     ---       #9
      01000291H   LINE      CODE     ---       #10
      01000294H   LINE      CODE     ---       #11
      01000297H   LINE      CODE     ---       #12
      0100029AH   LINE      CODE     ---       #13
      0100029DH   LINE      CODE     ---       #14
      ---         BLOCKEND  ---      ---       LVL=0

      ---         MODULE    ---      ---       ?C_STARTUP
LX51 LINKER/LOCATER V4.66.66.0                                                        11/29/2016  21:13:09  PAGE 24


      01000000H   PUBLIC    CODE     ---       ?C_STARTUP

      ---         MODULE    ---      ---       ?C?CLDPTR
      0100011AH   PUBLIC    CODE     ---       ?C?CLDPTR

      ---         MODULE    ---      ---       ?C?CSTOPTR
      01000133H   PUBLIC    CODE     ---       ?C?CSTOPTR

      ---         MODULE    ---      ---       ?C_INIT
      01000055H   PUBLIC    CODE     ---       ?C_START



*** WARNING L57: UNCALLED FUNCTION, IGNORED FOR OVERLAY PROCESS
    NAME:    _DELAYUS/DELAY

*** WARNING L57: UNCALLED FUNCTION, IGNORED FOR OVERLAY PROCESS
    NAME:    _SPI_READ/NRF24L01_TX

*** WARNING L57: UNCALLED FUNCTION, IGNORED FOR OVERLAY PROCESS
    NAME:    _SPI_READ_BUF/NRF24L01_TX

*** WARNING L57: UNCALLED FUNCTION, IGNORED FOR OVERLAY PROCESS
    NAME:    UART_INIT/UART

Program Size: data=40.0 xdata=0 const=0 code=705
LX51 RUN COMPLETE.  4 WARNING(S),  0 ERROR(S)
