BL51 BANKED LINKER/LOCATER V6.22                                                        08/14/2017  21:12:42  PAGE 1


BL51 BANKED LINKER/LOCATER V6.22, INVOKED BY:
D:\KEIL_V5\C51\BIN\BL51.EXE .\Output\Delay.obj, .\Output\Test.obj, .\Output\NRF24L01_TX.obj TO .\Output\Test PRINT (.\Li
>> stings\Test.m51)


MEMORY MODEL: SMALL


INPUT MODULES INCLUDED:
  .\Output\Delay.obj (DELAY)
  .\Output\Test.obj (TEST)
  .\Output\NRF24L01_TX.obj (NRF24L01_TX)
  D:\KEIL_V5\C51\LIB\C51S.LIB (?C_STARTUP)
  D:\KEIL_V5\C51\LIB\C51S.LIB (?C?CLDPTR)
  D:\KEIL_V5\C51\LIB\C51S.LIB (?C?CSTOPTR)
  D:\KEIL_V5\C51\LIB\C51S.LIB (?C_INIT)


LINK MAP OF MODULE:  .\Output\Test (DELAY)


            TYPE    BASE      LENGTH    RELOCATION   SEGMENT NAME
            -----------------------------------------------------

            * * * * * * *   D A T A   M E M O R Y   * * * * * * *
            REG     0000H     0008H     ABSOLUTE     "REG BANK 0"
            DATA    0008H     000AH     UNIT         ?DT?NRF24L01_TX
            DATA    0012H     0005H     UNIT         ?DT?_SPI_READ_BUF?NRF24L01_TX
            DATA    0017H     0005H     UNIT         ?DT?_SPI_WRITE_BUF?NRF24L01_TX
            DATA    001CH     0001H     UNIT         _DATA_GROUP_
            IDATA   001DH     0001H     UNIT         ?STACK

            * * * * * * *   C O D E   M E M O R Y   * * * * * * *
            CODE    0000H     0003H     ABSOLUTE     
            CODE    0003H     008CH     UNIT         ?C_C51STARTUP
            CODE    008FH     003BH     UNIT         ?C?LIB_CODE
            CODE    00CAH     0032H     UNIT         ?PR?_SPI_WRITE_BUF?NRF24L01_TX
            CODE    00FCH     0031H     UNIT         ?PR?_SPI_READ_BUF?NRF24L01_TX
            CODE    012DH     001EH     UNIT         ?PR?MAIN?TEST
            CODE    014BH     001DH     UNIT         ?PR?UART_INIT?TEST
            CODE    0168H     001CH     UNIT         ?PR?_DELAYMS?DELAY
            CODE    0184H     0019H     UNIT         ?PR?_SPI_RW?NRF24L01_TX
            CODE    019DH     0011H     UNIT         ?PR?_SPI_RW_REG?NRF24L01_TX
            CODE    01AEH     000FH     UNIT         ?C_INITSEG
            CODE    01BDH     000DH     UNIT         ?PR?_SPI_READ?NRF24L01_TX



OVERLAY MAP OF MODULE:   .\Output\Test (DELAY)


SEGMENT                                  DATA_GROUP 
  +--> CALLED SEGMENT                  START    LENGTH
------------------------------------------------------
?C_C51STARTUP                          -----    -----
  +--> ?PR?MAIN?TEST
  +--> ?C_INITSEG

BL51 BANKED LINKER/LOCATER V6.22                                                      08/14/2017  21:12:42  PAGE 2


?PR?MAIN?TEST                          001CH    0001H
  +--> ?PR?UART_INIT?TEST
  +--> ?PR?_DELAYMS?DELAY



SYMBOL TABLE OF MODULE:  .\Output\Test (DELAY)

  VALUE           TYPE          NAME
  ----------------------------------

  -------         MODULE        DELAY
  C:0000H         SYMBOL        _ICE_DUMMY_
  D:0080H         PUBLIC        P0
  D:0090H         PUBLIC        P1
  D:00A0H         PUBLIC        P2
  D:00B0H         PUBLIC        P3
  D:00A8H         PUBLIC        IE
  D:00B8H         PUBLIC        IP
  D:00D8H         PUBLIC        CCON
  C:0168H         PUBLIC        _DelayMs
  D:0098H         PUBLIC        SCON
  D:0088H         PUBLIC        TCON
  D:00C8H         PUBLIC        T2CON
  D:00D0H         PUBLIC        PSW
  -------         PROC          _DELAYMS
  D:0006H         SYMBOL        ms
  -------         DO            
  D:0005H         SYMBOL        i
  D:0004H         SYMBOL        j
  -------         ENDDO         
  C:0168H         LINE#         7
  C:0168H         LINE#         8
  C:0168H         LINE#         10
  C:0172H         LINE#         11
  C:0172H         LINE#         12
  C:017AH         LINE#         13
  C:0183H         LINE#         14
  C:0183H         LINE#         15
  -------         ENDPROC       _DELAYMS
  -------         ENDMOD        DELAY

  -------         MODULE        TEST
  C:0000H         SYMBOL        _ICE_DUMMY_
  D:0080H         PUBLIC        P0
  D:0090H         PUBLIC        P1
  D:00A0H         PUBLIC        P2
  D:00B0H         PUBLIC        P3
  D:00C0H         PUBLIC        P4
  D:00C8H         PUBLIC        P5
  D:00E8H         PUBLIC        P6
  D:00F8H         PUBLIC        P7
  D:00A8H         PUBLIC        IE
  C:014BH         PUBLIC        Uart_Init
  D:00B8H         PUBLIC        IP
  B:0098H.1       PUBLIC        TI
  D:00D8H         PUBLIC        CCON
BL51 BANKED LINKER/LOCATER V6.22                                                      08/14/2017  21:12:42  PAGE 3


  C:012DH         PUBLIC        main
  D:0099H         PUBLIC        SBUF
  D:0087H         PUBLIC        PCON
  D:0098H         PUBLIC        SCON
  D:0089H         PUBLIC        TMOD
  D:0088H         PUBLIC        TCON
  D:008EH         PUBLIC        AUXR
  B:00A8H.3       PUBLIC        ET1
  D:008DH         PUBLIC        TH1
  D:008BH         PUBLIC        TL1
  B:0088H.6       PUBLIC        TR1
  D:00D0H         PUBLIC        PSW
  -------         PROC          UART_INIT
  C:014BH         LINE#         8
  C:014BH         LINE#         9
  C:014BH         LINE#         10
  C:014EH         LINE#         11
  C:0151H         LINE#         12
  C:0154H         LINE#         13
  C:0157H         LINE#         14
  C:015AH         LINE#         15
  C:015DH         LINE#         16
  C:0160H         LINE#         17
  C:0163H         LINE#         18
  C:0165H         LINE#         19
  C:0167H         LINE#         20
  -------         ENDPROC       UART_INIT
  -------         PROC          MAIN
  -------         DO            
  D:001CH         SYMBOL        temp
  -------         ENDDO         
  C:012DH         LINE#         24
  C:012DH         LINE#         25
  C:012DH         LINE#         26
  C:0130H         LINE#         27
  C:0133H         LINE#         28
  C:013AH         LINE#         29
  C:013AH         LINE#         30
  C:013AH         LINE#         41
  C:013DH         LINE#         42
  C:0140H         LINE#         43
  C:0142H         LINE#         45
  C:0149H         LINE#         46
  -------         ENDPROC       MAIN
  -------         ENDMOD        TEST

  -------         MODULE        NRF24L01_TX
  C:0000H         SYMBOL        _ICE_DUMMY_
  D:0080H         PUBLIC        P0
  D:0090H         PUBLIC        P1
  D:00A0H         PUBLIC        P2
  D:00B0H         PUBLIC        P3
  D:00A8H         PUBLIC        IE
  D:0008H         PUBLIC        RX_ADDRESS
  D:000DH         PUBLIC        TX_ADDRESS
  D:00B8H         PUBLIC        IP
  D:00D8H         PUBLIC        CCON
BL51 BANKED LINKER/LOCATER V6.22                                                      08/14/2017  21:12:42  PAGE 4


  D:0098H         PUBLIC        SCON
  D:0088H         PUBLIC        TCON
  B:0090H.3       PUBLIC        MISO
  B:0090H.4       PUBLIC        MOSI
  C:00FCH         PUBLIC        _SPI_Read_Buf
  C:01BDH         PUBLIC        _SPI_Read
  C:00CAH         PUBLIC        _SPI_Write_Buf
  B:0090H.5       PUBLIC        SCK
  B:0090H.6       PUBLIC        CSN
  D:00C8H         PUBLIC        T2CON
  C:019DH         PUBLIC        _SPI_RW_Reg
  C:0184H         PUBLIC        _SPI_RW
  D:00D0H         PUBLIC        PSW
  -------         PROC          _SPI_RW
  D:0007H         SYMBOL        dat
  -------         DO            
  D:0006H         SYMBOL        i
  -------         ENDDO         
  C:0184H         LINE#         14
  C:0184H         LINE#         15
  C:0184H         LINE#         17
  C:0186H         LINE#         18
  C:0186H         LINE#         19
  C:018AH         LINE#         20
  C:018EH         LINE#         21
  C:0190H         LINE#         22
  C:0196H         LINE#         23
  C:0198H         LINE#         24
  C:019CH         LINE#         25
  C:019CH         LINE#         26
  -------         ENDPROC       _SPI_RW
  -------         PROC          _SPI_RW_REG
  D:0007H         SYMBOL        reg
  D:0005H         SYMBOL        value
  -------         DO            
  D:0004H         SYMBOL        status
  -------         ENDDO         
  C:019DH         LINE#         29
  C:019DH         LINE#         30
  C:019DH         LINE#         32
  C:019FH         LINE#         33
  C:01A4H         LINE#         34
  C:01A9H         LINE#         35
  C:01ABH         LINE#         36
  C:01ADH         LINE#         37
  -------         ENDPROC       _SPI_RW_REG
  -------         PROC          _SPI_READ
  D:0007H         SYMBOL        reg
  -------         DO            
  D:0007H         SYMBOL        reg_value
  -------         ENDDO         
  C:01BDH         LINE#         40
  C:01BDH         LINE#         41
  C:01BDH         LINE#         44
  C:01BFH         LINE#         45
  C:01C2H         LINE#         46
  C:01C7H         LINE#         47
BL51 BANKED LINKER/LOCATER V6.22                                                      08/14/2017  21:12:42  PAGE 5


  C:01C9H         LINE#         48
  C:01C9H         LINE#         49
  -------         ENDPROC       _SPI_READ
  -------         PROC          _SPI_READ_BUF
  D:0007H         SYMBOL        reg
  D:0013H         SYMBOL        pBuf
  D:0016H         SYMBOL        bytes
  -------         DO            
  D:0005H         SYMBOL        status
  D:0004H         SYMBOL        i
  -------         ENDDO         
  C:00FCH         LINE#         52
  C:0102H         LINE#         53
  C:0102H         LINE#         55
  C:0104H         LINE#         56
  C:0109H         LINE#         57
  C:0111H         LINE#         58
  C:0128H         LINE#         59
  C:012AH         LINE#         60
  C:012CH         LINE#         61
  -------         ENDPROC       _SPI_READ_BUF
  -------         PROC          _SPI_WRITE_BUF
  D:0007H         SYMBOL        reg
  D:0018H         SYMBOL        pBuf
  D:001BH         SYMBOL        bytes
  -------         DO            
  D:0005H         SYMBOL        status
  D:0004H         SYMBOL        i
  -------         ENDDO         
  C:00CAH         LINE#         64
  C:00D0H         LINE#         65
  C:00D0H         LINE#         67
  C:00D2H         LINE#         68
  C:00D7H         LINE#         69
  C:00DFH         LINE#         70
  C:00F7H         LINE#         71
  C:00F9H         LINE#         72
  C:00FBH         LINE#         73
  -------         ENDPROC       _SPI_WRITE_BUF
  -------         ENDMOD        NRF24L01_TX

  -------         MODULE        ?C?CLDPTR
  C:008FH         PUBLIC        ?C?CLDPTR
  -------         ENDMOD        ?C?CLDPTR

  -------         MODULE        ?C?CSTOPTR
  C:00A8H         PUBLIC        ?C?CSTOPTR
  -------         ENDMOD        ?C?CSTOPTR

*** WARNING L16: UNCALLED SEGMENT, IGNORED FOR OVERLAY PROCESS
    SEGMENT: ?PR?_SPI_RW_REG?NRF24L01_TX

*** WARNING L16: UNCALLED SEGMENT, IGNORED FOR OVERLAY PROCESS
    SEGMENT: ?PR?_SPI_READ?NRF24L01_TX

*** WARNING L16: UNCALLED SEGMENT, IGNORED FOR OVERLAY PROCESS
    SEGMENT: ?PR?_SPI_READ_BUF?NRF24L01_TX
BL51 BANKED LINKER/LOCATER V6.22                                                      08/14/2017  21:12:42  PAGE 6



*** WARNING L16: UNCALLED SEGMENT, IGNORED FOR OVERLAY PROCESS
    SEGMENT: ?PR?_SPI_WRITE_BUF?NRF24L01_TX

Program Size: data=30.0 xdata=0 code=458
LINK/LOCATE RUN COMPLETE.  4 WARNING(S),  0 ERROR(S)
