C51 COMPILER V9.06   DELAY                                                                 11/11/2016 23:23:05 PAGE 1   


C51 COMPILER V9.06, COMPILATION OF MODULE DELAY
OBJECT MODULE PLACED IN .\Output\Delay.obj
COMPILER INVOKED BY: D:\Keil uV5\C51\BIN\C51.EXE source code\Delay.c OPTIMIZE(8,SPEED) BROWSE INCDIR(..\NRF24L01_TX;.\in
                    -clude;.\source code) DEBUG OBJECTEXTEND PRINT(.\Listings\Delay.lst) TABS(2) OBJECT(.\Output\Delay.obj)

line level    source

   1          #include<STC15.h>
   2          #include<intrins.h>
   3          #include"MYTYPE.h"
   4          #include"Delay.h"
   5          
   6          //  11.0592延时函数，单位ms
   7          void DelayMs(uint ValMS)
   8          {
   9   1        uint uiVal,ujVal;
  10   1        for(uiVal = 0; uiVal < ValMS; uiVal++)
  11   1          for(ujVal = 0; ujVal < 120; ujVal++);
  12   1      }
  13          ////  11.0592Mhz  约1us延时
  14          void DelayUs(uint us)   
  15          { 
  16   1        while(us--)
  17   1          _nop_();
  18   1      }


MODULE INFORMATION:   STATIC OVERLAYABLE
   CODE SIZE        =     46    ----
   CONSTANT SIZE    =   ----    ----
   XDATA SIZE       =   ----    ----
   PDATA SIZE       =   ----    ----
   DATA SIZE        =   ----    ----
   IDATA SIZE       =   ----    ----
   BIT SIZE         =   ----    ----
END OF MODULE INFORMATION.


C51 COMPILATION COMPLETE.  0 WARNING(S),  0 ERROR(S)
