LX51 LINKER/LOCATER V4.66.66.0                                                          05/20/2017  16:50:19  PAGE 1


LX51 LINKER/LOCATER V4.66.66.0, INVOKED BY:
D:\KEIL_V5\C51\BIN\LX51.EXE .\Objects\main.obj TO .\Objects\操作系统 RTX51TINY PRINT (.\Listings\操作系统.map)


CPU MODE:     8051 MODE
MEMORY MODEL: SMALL


INPUT MODULES INCLUDED:
  .\Objects\main.obj (MAIN)
         COMMENT TYPE 0: C51 V9.06
  D:\KEIL_V5\C51\LIB\RTX51TNY.LIB (?RTX51_TINY_OS_CREATE)
         COMMENT TYPE 1: A51 / ASM51 Assembler
  D:\KEIL_V5\C51\LIB\RTX51TNY.LIB (?RTX51_TINY_KERNAL)
         COMMENT TYPE 1: A51 / ASM51 Assembler
  D:\KEIL_V5\C51\LIB\C51S.LIB (?C_STARTUP)
         COMMENT TYPE 1: A51 / ASM51 Assembler


ACTIVE MEMORY CLASSES OF MODULE:  .\Objects\操作系统 (MAIN)

BASE        START       END         USED      MEMORY CLASS
==========================================================
C:000000H   C:000000H   C:00FFFFH   00021CH   CODE
I:000000H   I:000000H   I:0000FFH   000007H   IDATA
I:000000H   I:000000H   I:00007FH   00000EH   DATA
I:000020H.0 I:000020H.0 I:00002FH.7 000000H.1 BIT


TASK TABLE OF MODULE:  .\Objects\操作系统 (MAIN)

TASKID   PRIORITY   REG-BANK   SEGMENT NAME (OFFSET)
====================================================
0        0          0          ?PR?JOB0?MAIN (00H)
1        0          0          ?PR?JOB1?MAIN (00H)



MEMORY MAP OF MODULE:  .\Objects\操作系统 (MAIN)


START     STOP      LENGTH    ALIGN  RELOC    MEMORY CLASS   SEGMENT NAME
=========================================================================

* * * * * * * * * * *   D A T A   M E M O R Y   * * * * * * * * * * * * *
000000H   000007H   000008H   ---    AT..     DATA           "REG BANK 0"
000008H   00000DH   000006H   ---    OFFS..   DATA           ?DA??RTX51_TINY_KERNAL?0
00000EH   000011H   000004H   BYTE   UNIT     IDATA          ?RTX?TASKSTATE?S
000012H   000013H   000002H   BYTE   UNIT     IDATA          ?RTX?TASKSP?S
000014H.0 00001FH.7 00000CH.0 ---    ---      **GAP**
000020H.0 000020H.0 000000H.1 BIT    UNIT     BIT            ?RTX?BITS
000020H.1 000020H   000000H.7 ---    ---      **GAP**
000021H   000021H   000001H   BYTE   UNIT     IDATA          ?STACK

* * * * * * * * * * *   C O D E   M E M O R Y   * * * * * * * * * * * * *
000000H   000002H   000003H   ---    OFFS..   CODE           ?CO??C_STARTUP?0
000003H   000006H   000004H   BYTE   UNIT     CODE           ?RTX?TASKENT?S
000007H   000008H   000002H   BYTE   UNIT     CODE           ?PR?JOB1?MAIN
000009H   00000AH   000002H   ---    ---      **GAP**
00000BH   00000DH   000003H   ---    OFFS..   CODE           ?CO??RTX51_TINY_KERNAL?1
00000EH   000208H   0001FBH   BYTE   UNIT     CODE           ?RTX?CODE
000209H   000214H   00000CH   BYTE   UNIT     CODE           ?C_C51STARTUP
000215H   00021DH   000009H   BYTE   UNIT     CODE           ?PR?JOB0?MAIN



LX51 LINKER/LOCATER V4.66.66.0                                                        05/20/2017  16:50:19  PAGE 2


OVERLAY MAP OF MODULE:   .\Objects\操作系统 (MAIN)


FUNCTION/MODULE                BIT_GROUP   DATA_GROUP 
--> CALLED FUNCTION/MODULE    START  STOP  START  STOP
======================================================
JOB0/MAIN                     ----- -----  ----- -----

*** NEW ROOT ****************

JOB1/MAIN                     ----- -----  ----- -----

*** NEW ROOT ****************

?C_C51STARTUP                 ----- -----  ----- -----



PUBLIC SYMBOLS OF MODULE:  .\Objects\操作系统 (MAIN)


      VALUE       CLASS    TYPE      PUBLIC SYMBOL NAME
      =================================================
      00000000H   NUMBER   ---       ?C?CODESEG
      00000000H   NUMBER   ---       ?C?XDATASEG
      010001CCH   CODE     ---       ?C_START
      01000000H   CODE     ---       ?C_STARTUP
      010000E6H   CODE     ---       ?RTX?SET_ISR
      00000002H   NUMBER   ---       ?RTX_CNTTASK
      0000000CH   DATA     ---       ?RTX_CURRENTTASK
      00000000H   NUMBER   ---       ?RTX_FTASKCONTEXT?1
      00000000H   NUMBER   ---       ?RTX_FTASKCONTEXT?2
      00000000H   NUMBER   ---       ?RTX_FTASKCONTEXT?3
      00000000H   NUMBER   ---       ?RTX_FTASKDATA?1
      00000000H   NUMBER   ---       ?RTX_FTASKDATA?2
      00000000H   NUMBER   ---       ?RTX_FTASKDATA?3
      00000001H   NUMBER   ---       ?RTX_MAXTASKN
      00000007H   DATA     ---       ?RTX_NEXTID
      01000129H   CODE     ---       ?RTX_NEXTTASK
      00000000H   NUMBER   ---       ?RTX_PBP
      000000FFH   NUMBER   ---       ?RTX_RAMTOP
      00000000H   NUMBER   ---       ?RTX_REENTRANT
      01000003H   CODE     ---       ?RTX_TASKENTRY
      01000208H   CODE     ---       ?RTX_TASKIDX
      00000012H   IDATA    ---       ?RTX_TASKSP
      0000000EH   IDATA    ---       ?RTX_TASKSTATUS
      0100000EH   CODE     ---       _os_create_task
*SFR* 000000D0H.6 DATA     BIT       AC
*SFR* 000000E0H   DATA     BYTE      ACC
*SFR* 000000BCH   DATA     BYTE      ADC_CONTR
*SFR* 000000BDH   DATA     BYTE      ADC_RES
*SFR* 000000BEH   DATA     BYTE      ADC_RESL
*SFR* 0000008EH   DATA     BYTE      AUXR
*SFR* 000000A2H   DATA     BYTE      AUXR1
*SFR* 000000F0H   DATA     BYTE      B
*SFR* 000000A1H   DATA     BYTE      BUS_SPEED
*SFR* 000000FAH   DATA     BYTE      CCAP0H
*SFR* 000000EAH   DATA     BYTE      CCAP0L
*SFR* 000000FBH   DATA     BYTE      CCAP1H
*SFR* 000000EBH   DATA     BYTE      CCAP1L
*SFR* 000000FCH   DATA     BYTE      CCAP2H
*SFR* 000000ECH   DATA     BYTE      CCAP2L
*SFR* 000000DAH   DATA     BYTE      CCAPM0
*SFR* 000000DBH   DATA     BYTE      CCAPM1
*SFR* 000000DCH   DATA     BYTE      CCAPM2
LX51 LINKER/LOCATER V4.66.66.0                                                        05/20/2017  16:50:19  PAGE 3


*SFR* 000000D8H   DATA     BIT       CCF0
*SFR* 000000D8H.1 DATA     BIT       CCF1
*SFR* 000000D8H.2 DATA     BIT       CCF2
*SFR* 000000D8H   DATA     BYTE      CCON
*SFR* 000000D8H.7 DATA     BIT       CF
*SFR* 000000F9H   DATA     BYTE      CH
*SFR* 000000E9H   DATA     BYTE      CL
*SFR* 00000097H   DATA     BYTE      CLK_DIV
*SFR* 000000D9H   DATA     BYTE      CMOD
*SFR* 000000E6H   DATA     BYTE      CMPCR1
*SFR* 000000E7H   DATA     BYTE      CMPCR2
*SFR* 000000D8H.6 DATA     BIT       CR
*SFR* 000000D0H.7 DATA     BIT       CY
*SFR* 00000083H   DATA     BYTE      DPH
*SFR* 00000082H   DATA     BYTE      DPL
*SFR* 000000A8H.7 DATA     BIT       EA
*SFR* 000000A8H.5 DATA     BIT       EADC
*SFR* 000000A8H.6 DATA     BIT       ELVD
*SFR* 000000A8H.4 DATA     BIT       ES
*SFR* 000000A8H.1 DATA     BIT       ET0
*SFR* 000000A8H.3 DATA     BIT       ET1
*SFR* 000000A8H   DATA     BIT       EX0
*SFR* 000000A8H.2 DATA     BIT       EX1
*SFR* 000000D0H.5 DATA     BIT       F0
*SFR* 000000C3H   DATA     BYTE      IAP_ADDRH
*SFR* 000000C4H   DATA     BYTE      IAP_ADDRL
*SFR* 000000C5H   DATA     BYTE      IAP_CMD
*SFR* 000000C7H   DATA     BYTE      IAP_CONTR
*SFR* 000000C2H   DATA     BYTE      IAP_DATA
*SFR* 000000C6H   DATA     BYTE      IAP_TRIG
*SFR* 000000A8H   DATA     BYTE      IE
*SFR* 00000088H.1 DATA     BIT       IE0
*SFR* 00000088H.3 DATA     BIT       IE1
*SFR* 000000AFH   DATA     BYTE      IE2
*SFR* 0000008FH   DATA     BYTE      INT_CLKO
*SFR* 000000B8H   DATA     BYTE      IP
*SFR* 000000B5H   DATA     BYTE      IP2
*SFR* 00000088H   DATA     BIT       IT0
*SFR* 00000088H.2 DATA     BIT       IT1
      01000215H   CODE     ---       job0
      01000007H   CODE     ---       job1
*SFR* 000000A0H.4 DATA     BIT       LED
      010001CCH   CODE     ---       MAIN
      01000112H   CODE     ---       OS_SWITCH_TASK
*SFR* 000000D0H.2 DATA     BIT       OV
*SFR* 000000D0H   DATA     BIT       P
*SFR* 00000080H   DATA     BYTE      P0
*SFR* 00000080H   DATA     BIT       P00
*SFR* 00000080H.1 DATA     BIT       P01
*SFR* 00000080H.2 DATA     BIT       P02
*SFR* 00000080H.3 DATA     BIT       P03
*SFR* 00000080H.4 DATA     BIT       P04
*SFR* 00000080H.5 DATA     BIT       P05
*SFR* 00000080H.6 DATA     BIT       P06
*SFR* 00000080H.7 DATA     BIT       P07
*SFR* 00000094H   DATA     BYTE      P0M0
*SFR* 00000093H   DATA     BYTE      P0M1
*SFR* 00000090H   DATA     BYTE      P1
*SFR* 00000090H   DATA     BIT       P10
*SFR* 00000090H.1 DATA     BIT       P11
*SFR* 00000090H.2 DATA     BIT       P12
*SFR* 00000090H.3 DATA     BIT       P13
*SFR* 00000090H.4 DATA     BIT       P14
*SFR* 00000090H.5 DATA     BIT       P15
*SFR* 00000090H.6 DATA     BIT       P16
LX51 LINKER/LOCATER V4.66.66.0                                                        05/20/2017  16:50:19  PAGE 4


*SFR* 00000090H.7 DATA     BIT       P17
*SFR* 0000009DH   DATA     BYTE      P1ASF
*SFR* 00000092H   DATA     BYTE      P1M0
*SFR* 00000091H   DATA     BYTE      P1M1
*SFR* 000000A0H   DATA     BYTE      P2
*SFR* 000000A0H   DATA     BIT       P20
*SFR* 000000A0H.1 DATA     BIT       P21
*SFR* 000000A0H.2 DATA     BIT       P22
*SFR* 000000A0H.3 DATA     BIT       P23
*SFR* 000000A0H.4 DATA     BIT       P24
*SFR* 000000A0H.5 DATA     BIT       P25
*SFR* 000000A0H.6 DATA     BIT       P26
*SFR* 000000A0H.7 DATA     BIT       P27
*SFR* 00000096H   DATA     BYTE      P2M0
*SFR* 00000095H   DATA     BYTE      P2M1
*SFR* 000000B0H   DATA     BYTE      P3
*SFR* 000000B0H   DATA     BIT       P30
*SFR* 000000B0H.1 DATA     BIT       P31
*SFR* 000000B0H.2 DATA     BIT       P32
*SFR* 000000B0H.3 DATA     BIT       P33
*SFR* 000000B0H.4 DATA     BIT       P34
*SFR* 000000B0H.5 DATA     BIT       P35
*SFR* 000000B0H.6 DATA     BIT       P36
*SFR* 000000B0H.7 DATA     BIT       P37
*SFR* 000000B2H   DATA     BYTE      P3M0
*SFR* 000000B1H   DATA     BYTE      P3M1
*SFR* 000000C0H   DATA     BYTE      P4
*SFR* 000000C0H   DATA     BIT       P40
*SFR* 000000C0H.1 DATA     BIT       P41
*SFR* 000000C0H.2 DATA     BIT       P42
*SFR* 000000C0H.3 DATA     BIT       P43
*SFR* 000000C0H.4 DATA     BIT       P44
*SFR* 000000C0H.5 DATA     BIT       P45
*SFR* 000000C0H.6 DATA     BIT       P46
*SFR* 000000C0H.7 DATA     BIT       P47
*SFR* 000000B4H   DATA     BYTE      P4M0
*SFR* 000000B3H   DATA     BYTE      P4M1
*SFR* 000000C8H   DATA     BYTE      P5
*SFR* 000000C8H   DATA     BIT       P50
*SFR* 000000C8H.1 DATA     BIT       P51
*SFR* 000000C8H.2 DATA     BIT       P52
*SFR* 000000C8H.3 DATA     BIT       P53
*SFR* 000000C8H.4 DATA     BIT       P54
*SFR* 000000C8H.5 DATA     BIT       P55
*SFR* 000000C8H.6 DATA     BIT       P56
*SFR* 000000C8H.7 DATA     BIT       P57
*SFR* 000000CAH   DATA     BYTE      P5M0
*SFR* 000000C9H   DATA     BYTE      P5M1
*SFR* 000000E8H   DATA     BYTE      P6
*SFR* 000000E8H   DATA     BIT       P60
*SFR* 000000E8H.1 DATA     BIT       P61
*SFR* 000000E8H.2 DATA     BIT       P62
*SFR* 000000E8H.3 DATA     BIT       P63
*SFR* 000000E8H.4 DATA     BIT       P64
*SFR* 000000E8H.5 DATA     BIT       P65
*SFR* 000000E8H.6 DATA     BIT       P66
*SFR* 000000E8H.7 DATA     BIT       P67
*SFR* 000000CCH   DATA     BYTE      P6M0
*SFR* 000000CBH   DATA     BYTE      P6M1
*SFR* 000000F8H   DATA     BYTE      P7
*SFR* 000000F8H   DATA     BIT       P70
*SFR* 000000F8H.1 DATA     BIT       P71
*SFR* 000000F8H.2 DATA     BIT       P72
*SFR* 000000F8H.3 DATA     BIT       P73
*SFR* 000000F8H.4 DATA     BIT       P74
LX51 LINKER/LOCATER V4.66.66.0                                                        05/20/2017  16:50:19  PAGE 5


*SFR* 000000F8H.5 DATA     BIT       P75
*SFR* 000000F8H.6 DATA     BIT       P76
*SFR* 000000F8H.7 DATA     BIT       P77
*SFR* 000000E2H   DATA     BYTE      P7M0
*SFR* 000000E1H   DATA     BYTE      P7M1
*SFR* 000000A2H   DATA     BYTE      P_SW1
*SFR* 000000BAH   DATA     BYTE      P_SW2
*SFR* 000000B8H.5 DATA     BIT       PADC
*SFR* 000000F2H   DATA     BYTE      PCA_PWM0
*SFR* 000000F3H   DATA     BYTE      PCA_PWM1
*SFR* 000000F4H   DATA     BYTE      PCA_PWM2
*SFR* 00000087H   DATA     BYTE      PCON
*SFR* 000000B8H.6 DATA     BIT       PLVD
*SFR* 000000B8H.7 DATA     BIT       PPCA
*SFR* 000000B8H.4 DATA     BIT       PS
*SFR* 000000D0H   DATA     BYTE      PSW
*SFR* 000000B8H.1 DATA     BIT       PT0
*SFR* 000000B8H.3 DATA     BIT       PT1
*SFR* 000000F1H   DATA     BYTE      PWMCFG
*SFR* 000000F5H   DATA     BYTE      PWMCR
*SFR* 000000F7H   DATA     BYTE      PWMFDCR
*SFR* 000000F6H   DATA     BYTE      PWMIF
*SFR* 000000B8H   DATA     BIT       PX0
*SFR* 000000B8H.2 DATA     BIT       PX1
*SFR* 00000098H.2 DATA     BIT       RB8
*SFR* 00000098H.4 DATA     BIT       REN
*SFR* 00000098H   DATA     BIT       RI
*SFR* 000000D0H.3 DATA     BIT       RS0
*SFR* 000000D0H.4 DATA     BIT       RS1
*SFR* 0000009BH   DATA     BYTE      S2BUF
*SFR* 0000009AH   DATA     BYTE      S2CON
*SFR* 000000ADH   DATA     BYTE      S3BUF
*SFR* 000000ACH   DATA     BYTE      S3CON
*SFR* 00000085H   DATA     BYTE      S4BUF
*SFR* 00000084H   DATA     BYTE      S4CON
*SFR* 000000A9H   DATA     BYTE      SADDR
*SFR* 000000B9H   DATA     BYTE      SADEN
*SFR* 00000099H   DATA     BYTE      SBUF
*SFR* 00000098H   DATA     BYTE      SCON
*SFR* 00000098H.7 DATA     BIT       SM0
*SFR* 00000098H.6 DATA     BIT       SM1
*SFR* 00000098H.5 DATA     BIT       SM2
*SFR* 00000081H   DATA     BYTE      SP
*SFR* 000000CEH   DATA     BYTE      SPCTL
*SFR* 000000CFH   DATA     BYTE      SPDAT
*SFR* 000000CDH   DATA     BYTE      SPSTAT
*SFR* 000000D6H   DATA     BYTE      T2H
*SFR* 000000D7H   DATA     BYTE      T2L
*SFR* 000000D4H   DATA     BYTE      T3H
*SFR* 000000D5H   DATA     BYTE      T3L
*SFR* 000000D1H   DATA     BYTE      T3T4M
*SFR* 000000D2H   DATA     BYTE      T4H
*SFR* 000000D3H   DATA     BYTE      T4L
*SFR* 000000D1H   DATA     BYTE      T4T3M
*SFR* 00000098H.3 DATA     BIT       TB8
*SFR* 00000088H   DATA     BYTE      TCON
*SFR* 00000088H.5 DATA     BIT       TF0
*SFR* 00000088H.7 DATA     BIT       TF1
*SFR* 0000008CH   DATA     BYTE      TH0
*SFR* 0000008DH   DATA     BYTE      TH1
*SFR* 00000098H.1 DATA     BIT       TI
*SFR* 0000008AH   DATA     BYTE      TL0
*SFR* 0000008BH   DATA     BYTE      TL1
*SFR* 00000089H   DATA     BYTE      TMOD
*SFR* 00000088H.4 DATA     BIT       TR0
LX51 LINKER/LOCATER V4.66.66.0                                                        05/20/2017  16:50:19  PAGE 6


*SFR* 00000088H.6 DATA     BIT       TR1
*SFR* 000000C1H   DATA     BYTE      WDT_CONTR
*SFR* 000000ABH   DATA     BYTE      WKTCH
*SFR* 000000AAH   DATA     BYTE      WKTCL



SYMBOL TABLE OF MODULE:  .\Objects\操作系统 (MAIN)

      VALUE       REP       CLASS    TYPE      SYMBOL NAME
      ====================================================
      ---         MODULE    ---      ---       MAIN
      01000007H   PUBLIC    CODE     ---       job1
      01000215H   PUBLIC    CODE     ---       job0
      000000D8H.2 SFRSYM    DATA     BIT       CCF2
      00000092H   SFRSYM    DATA     BYTE      P1M0
      00000093H   SFRSYM    DATA     BYTE      P0M1
      00000096H   SFRSYM    DATA     BYTE      P2M0
      00000091H   SFRSYM    DATA     BYTE      P1M1
      00000080H   SFRSYM    DATA     BYTE      P0
      000000B2H   SFRSYM    DATA     BYTE      P3M0
      00000095H   SFRSYM    DATA     BYTE      P2M1
      00000090H   SFRSYM    DATA     BYTE      P1
      000000B4H   SFRSYM    DATA     BYTE      P4M0
      000000B1H   SFRSYM    DATA     BYTE      P3M1
      000000A0H   SFRSYM    DATA     BYTE      P2
      000000ABH   SFRSYM    DATA     BYTE      WKTCH
      000000CAH   SFRSYM    DATA     BYTE      P5M0
      000000B3H   SFRSYM    DATA     BYTE      P4M1
      000000B0H   SFRSYM    DATA     BYTE      P3
      000000CCH   SFRSYM    DATA     BYTE      P6M0
      000000C9H   SFRSYM    DATA     BYTE      P5M1
      000000C0H   SFRSYM    DATA     BYTE      P4
      000000D0H.6 SFRSYM    DATA     BIT       AC
      000000F6H   SFRSYM    DATA     BYTE      PWMIF
      000000E2H   SFRSYM    DATA     BYTE      P7M0
      000000CBH   SFRSYM    DATA     BYTE      P6M1
      000000C8H   SFRSYM    DATA     BYTE      P5
      000000A8H.7 SFRSYM    DATA     BIT       EA
      000000E1H   SFRSYM    DATA     BYTE      P7M1
      000000E8H   SFRSYM    DATA     BYTE      P6
      000000AAH   SFRSYM    DATA     BYTE      WKTCL
      000000F8H   SFRSYM    DATA     BYTE      P7
      000000CEH   SFRSYM    DATA     BYTE      SPCTL
      000000D8H.7 SFRSYM    DATA     BIT       CF
      000000F5H   SFRSYM    DATA     BYTE      PWMCR
      000000F9H   SFRSYM    DATA     BYTE      CH
      000000A2H   SFRSYM    DATA     BYTE      P_SW1
      000000BAH   SFRSYM    DATA     BYTE      P_SW2
      000000A8H.5 SFRSYM    DATA     BIT       EADC
      000000A8H   SFRSYM    DATA     BYTE      IE
      000000E9H   SFRSYM    DATA     BYTE      CL
      000000C5H   SFRSYM    DATA     BYTE      IAP_CMD
      000000FAH   SFRSYM    DATA     BYTE      CCAP0H
      000000FBH   SFRSYM    DATA     BYTE      CCAP1H
      000000FCH   SFRSYM    DATA     BYTE      CCAP2H
      000000BDH   SFRSYM    DATA     BYTE      ADC_RES
      000000EAH   SFRSYM    DATA     BYTE      CCAP0L
      000000D8H.6 SFRSYM    DATA     BIT       CR
      000000F7H   SFRSYM    DATA     BYTE      PWMFDCR
      000000EBH   SFRSYM    DATA     BYTE      CCAP1L
      000000DAH   SFRSYM    DATA     BYTE      CCAPM0
      000000ECH   SFRSYM    DATA     BYTE      CCAP2L
      000000DBH   SFRSYM    DATA     BYTE      CCAPM1
      000000DCH   SFRSYM    DATA     BYTE      CCAPM2
LX51 LINKER/LOCATER V4.66.66.0                                                        05/20/2017  16:50:19  PAGE 7


      000000A8H.4 SFRSYM    DATA     BIT       ES
      000000B8H.5 SFRSYM    DATA     BIT       PADC
      000000B8H   SFRSYM    DATA     BYTE      IP
      00000098H   SFRSYM    DATA     BIT       RI
      000000D0H.7 SFRSYM    DATA     BIT       CY
      00000098H.1 SFRSYM    DATA     BIT       TI
      00000097H   SFRSYM    DATA     BYTE      CLK_DIV
      000000C3H   SFRSYM    DATA     BYTE      IAP_ADDRH
      000000B8H.4 SFRSYM    DATA     BIT       PS
      00000081H   SFRSYM    DATA     BYTE      SP
      000000D9H   SFRSYM    DATA     BYTE      CMOD
      000000D8H   SFRSYM    DATA     BYTE      CCON
      000000C4H   SFRSYM    DATA     BYTE      IAP_ADDRL
      000000B8H.7 SFRSYM    DATA     BIT       PPCA
      000000D0H.2 SFRSYM    DATA     BIT       OV
      000000E6H   SFRSYM    DATA     BYTE      CMPCR1
      000000E7H   SFRSYM    DATA     BYTE      CMPCR2
      000000A8H.6 SFRSYM    DATA     BIT       ELVD
      00000080H   SFRSYM    DATA     BIT       P00
      000000BCH   SFRSYM    DATA     BYTE      ADC_CONTR
      00000099H   SFRSYM    DATA     BYTE      SBUF
      00000087H   SFRSYM    DATA     BYTE      PCON
      00000090H   SFRSYM    DATA     BIT       P10
      00000080H.1 SFRSYM    DATA     BIT       P01
      000000A0H   SFRSYM    DATA     BIT       P20
      00000090H.1 SFRSYM    DATA     BIT       P11
      00000080H.2 SFRSYM    DATA     BIT       P02
      000000B0H   SFRSYM    DATA     BIT       P30
      000000A0H.1 SFRSYM    DATA     BIT       P21
      00000090H.2 SFRSYM    DATA     BIT       P12
      00000080H.3 SFRSYM    DATA     BIT       P03
      00000098H   SFRSYM    DATA     BYTE      SCON
      000000C0H   SFRSYM    DATA     BIT       P40
      000000B0H.1 SFRSYM    DATA     BIT       P31
      000000A0H.2 SFRSYM    DATA     BIT       P22
      00000090H.3 SFRSYM    DATA     BIT       P13
      00000080H.4 SFRSYM    DATA     BIT       P04
      00000089H   SFRSYM    DATA     BYTE      TMOD
      00000088H   SFRSYM    DATA     BYTE      TCON
      000000C8H   SFRSYM    DATA     BIT       P50
      000000C0H.1 SFRSYM    DATA     BIT       P41
      000000B0H.2 SFRSYM    DATA     BIT       P32
      000000A0H.3 SFRSYM    DATA     BIT       P23
      00000090H.4 SFRSYM    DATA     BIT       P14
      00000080H.5 SFRSYM    DATA     BIT       P05
      000000E8H   SFRSYM    DATA     BIT       P60
      000000C8H.1 SFRSYM    DATA     BIT       P51
      000000C0H.2 SFRSYM    DATA     BIT       P42
      000000B0H.3 SFRSYM    DATA     BIT       P33
      000000A0H.4 SFRSYM    DATA     BIT       P24
      00000090H.5 SFRSYM    DATA     BIT       P15
      00000080H.6 SFRSYM    DATA     BIT       P06
      000000B8H.6 SFRSYM    DATA     BIT       PLVD
      000000F8H   SFRSYM    DATA     BIT       P70
      000000E8H.1 SFRSYM    DATA     BIT       P61
      000000C8H.2 SFRSYM    DATA     BIT       P52
      000000C0H.3 SFRSYM    DATA     BIT       P43
      000000B0H.4 SFRSYM    DATA     BIT       P34
      000000A0H.5 SFRSYM    DATA     BIT       P25
      00000090H.6 SFRSYM    DATA     BIT       P16
      00000080H.7 SFRSYM    DATA     BIT       P07
      000000F8H.1 SFRSYM    DATA     BIT       P71
      000000E8H.2 SFRSYM    DATA     BIT       P62
      000000C8H.3 SFRSYM    DATA     BIT       P53
      000000C0H.4 SFRSYM    DATA     BIT       P44
LX51 LINKER/LOCATER V4.66.66.0                                                        05/20/2017  16:50:19  PAGE 8


      000000B0H.5 SFRSYM    DATA     BIT       P35
      000000A0H.6 SFRSYM    DATA     BIT       P26
      00000090H.7 SFRSYM    DATA     BIT       P17
      000000F8H.2 SFRSYM    DATA     BIT       P72
      000000E8H.3 SFRSYM    DATA     BIT       P63
      000000C8H.4 SFRSYM    DATA     BIT       P54
      000000C0H.5 SFRSYM    DATA     BIT       P45
      000000B0H.6 SFRSYM    DATA     BIT       P36
      000000A0H.7 SFRSYM    DATA     BIT       P27
      000000F8H.3 SFRSYM    DATA     BIT       P73
      000000E8H.4 SFRSYM    DATA     BIT       P64
      000000C8H.5 SFRSYM    DATA     BIT       P55
      000000C0H.6 SFRSYM    DATA     BIT       P46
      000000B0H.7 SFRSYM    DATA     BIT       P37
      000000F8H.4 SFRSYM    DATA     BIT       P74
      000000E8H.5 SFRSYM    DATA     BIT       P65
      000000C8H.6 SFRSYM    DATA     BIT       P56
      000000C0H.7 SFRSYM    DATA     BIT       P47
      000000F8H.5 SFRSYM    DATA     BIT       P75
      000000E8H.6 SFRSYM    DATA     BIT       P66
      000000C8H.7 SFRSYM    DATA     BIT       P57
      000000F8H.6 SFRSYM    DATA     BIT       P76
      000000E8H.7 SFRSYM    DATA     BIT       P67
      00000088H.1 SFRSYM    DATA     BIT       IE0
      000000A1H   SFRSYM    DATA     BYTE      BUS_SPEED
      000000F8H.7 SFRSYM    DATA     BIT       P77
      00000088H.3 SFRSYM    DATA     BIT       IE1
      000000AFH   SFRSYM    DATA     BYTE      IE2
      0000008EH   SFRSYM    DATA     BYTE      AUXR
      000000F0H   SFRSYM    DATA     BYTE      B
      000000C7H   SFRSYM    DATA     BYTE      IAP_CONTR
      000000F1H   SFRSYM    DATA     BYTE      PWMCFG
      000000E0H   SFRSYM    DATA     BYTE      ACC
      000000A8H.1 SFRSYM    DATA     BIT       ET0
      00000088H.5 SFRSYM    DATA     BIT       TF0
      000000A8H.3 SFRSYM    DATA     BIT       ET1
      00000088H.7 SFRSYM    DATA     BIT       TF1
      000000B5H   SFRSYM    DATA     BYTE      IP2
      00000098H.2 SFRSYM    DATA     BIT       RB8
      0000008CH   SFRSYM    DATA     BYTE      TH0
      0000008DH   SFRSYM    DATA     BYTE      TH1
      00000088H   SFRSYM    DATA     BIT       IT0
      000000A8H   SFRSYM    DATA     BIT       EX0
      00000098H.3 SFRSYM    DATA     BIT       TB8
      000000D6H   SFRSYM    DATA     BYTE      T2H
      00000088H.2 SFRSYM    DATA     BIT       IT1
      000000A8H.2 SFRSYM    DATA     BIT       EX1
      000000D4H   SFRSYM    DATA     BYTE      T3H
      000000D0H   SFRSYM    DATA     BIT       P
      00000098H.7 SFRSYM    DATA     BIT       SM0
      000000D2H   SFRSYM    DATA     BYTE      T4H
      0000008AH   SFRSYM    DATA     BYTE      TL0
      00000098H.6 SFRSYM    DATA     BIT       SM1
      0000008BH   SFRSYM    DATA     BYTE      TL1
      00000098H.5 SFRSYM    DATA     BIT       SM2
      000000D7H   SFRSYM    DATA     BYTE      T2L
      000000D5H   SFRSYM    DATA     BYTE      T3L
      000000D3H   SFRSYM    DATA     BYTE      T4L
      000000B8H.1 SFRSYM    DATA     BIT       PT0
      000000A0H.4 SFRSYM    DATA     BIT       LED
      000000B8H.3 SFRSYM    DATA     BIT       PT1
      000000D0H.3 SFRSYM    DATA     BIT       RS0
      000000C2H   SFRSYM    DATA     BYTE      IAP_DATA
      00000088H.4 SFRSYM    DATA     BIT       TR0
      000000D0H.4 SFRSYM    DATA     BIT       RS1
LX51 LINKER/LOCATER V4.66.66.0                                                        05/20/2017  16:50:19  PAGE 9


      00000088H.6 SFRSYM    DATA     BIT       TR1
      000000C1H   SFRSYM    DATA     BYTE      WDT_CONTR
      000000B8H   SFRSYM    DATA     BIT       PX0
      000000B8H.2 SFRSYM    DATA     BIT       PX1
      000000F2H   SFRSYM    DATA     BYTE      PCA_PWM0
      000000F3H   SFRSYM    DATA     BYTE      PCA_PWM1
      000000F4H   SFRSYM    DATA     BYTE      PCA_PWM2
      0000009DH   SFRSYM    DATA     BYTE      P1ASF
      00000083H   SFRSYM    DATA     BYTE      DPH
      000000D1H   SFRSYM    DATA     BYTE      T3T4M
      000000D1H   SFRSYM    DATA     BYTE      T4T3M
      000000BEH   SFRSYM    DATA     BYTE      ADC_RESL
      00000082H   SFRSYM    DATA     BYTE      DPL
      000000CDH   SFRSYM    DATA     BYTE      SPSTAT
      0000009BH   SFRSYM    DATA     BYTE      S2BUF
      000000ADH   SFRSYM    DATA     BYTE      S3BUF
      00000085H   SFRSYM    DATA     BYTE      S4BUF
      00000098H.4 SFRSYM    DATA     BIT       REN
      0000009AH   SFRSYM    DATA     BYTE      S2CON
      000000ACH   SFRSYM    DATA     BYTE      S3CON
      00000084H   SFRSYM    DATA     BYTE      S4CON
      000000B9H   SFRSYM    DATA     BYTE      SADEN
      000000A9H   SFRSYM    DATA     BYTE      SADDR
      000000C6H   SFRSYM    DATA     BYTE      IAP_TRIG
      000000A2H   SFRSYM    DATA     BYTE      AUXR1
      000000D0H.5 SFRSYM    DATA     BIT       F0
      0000008FH   SFRSYM    DATA     BYTE      INT_CLKO
      000000D0H   SFRSYM    DATA     BYTE      PSW
      000000D8H   SFRSYM    DATA     BIT       CCF0
      000000D8H.1 SFRSYM    DATA     BIT       CCF1
      000000CFH   SFRSYM    DATA     BYTE      SPDAT
      00000094H   SFRSYM    DATA     BYTE      P0M0

      01000215H   BLOCK     CODE     ---       LVL=0
      01000215H   LINE      CODE     ---       #6
      01000215H   LINE      CODE     ---       #8
      0100021AH   LINE      CODE     ---       #9
      0100021AH   LINE      CODE     ---       #10
      0100021AH   LINE      CODE     ---       #11
      0100021CH   LINE      CODE     ---       #12
      ---         BLOCKEND  ---      ---       LVL=0

      01000007H   BLOCK     CODE     ---       LVL=0
      01000007H   LINE      CODE     ---       #15
      01000007H   LINE      CODE     ---       #17
      01000007H   LINE      CODE     ---       #18
      01000007H   LINE      CODE     ---       #20
      ---         BLOCKEND  ---      ---       LVL=0

      ---         MODULE    ---      ---       ?RTX51_TINY_OS_CREATE
      0100000EH   PUBLIC    CODE     ---       _OS_CREATE_TASK

      ---         MODULE    ---      ---       ?RTX51_TINY_KERNAL
      010000E6H   PUBLIC    CODE     ---       ?RTX?SET_ISR
      0000000CH   PUBLIC    DATA     ---       ?RTX_CURRENTTASK
      00000007H   PUBLIC    DATA     ---       ?RTX_NEXTID
      01000129H   PUBLIC    CODE     ---       ?RTX_NEXTTASK
      000000FFH   PUBLIC    NUMBER   ---       ?RTX_RAMTOP
      01000003H   PUBLIC    CODE     ---       ?RTX_TASKENTRY
      01000208H   PUBLIC    CODE     ---       ?RTX_TASKIDX
      00000012H   PUBLIC    IDATA    ---       ?RTX_TASKSP
      0000000EH   PUBLIC    IDATA    ---       ?RTX_TASKSTATUS
      010001CCH   PUBLIC    CODE     ---       MAIN
      01000112H   PUBLIC    CODE     ---       OS_SWITCH_TASK
      0100011BH   SYMBOL    CODE     ---       ?C0001
LX51 LINKER/LOCATER V4.66.66.0                                                        05/20/2017  16:50:19  PAGE 10


      01000125H   SYMBOL    CODE     ---       ?C0003
      0100012AH   SYMBOL    CODE     ---       ?C0005
      01000144H   SYMBOL    CODE     ---       ?C0007
      01000146H   SYMBOL    CODE     ---       ?C0009
      01000150H   SYMBOL    CODE     ---       ?C0011
      0100017DH   SYMBOL    CODE     ---       ?C0012
      01000163H   SYMBOL    CODE     ---       ?C0013
      01000168H   SYMBOL    CODE     ---       ?C0015
      01000173H   SYMBOL    CODE     ---       ?C0016
      00000000H   SYMBOL    NUMBER   ---       ?RTX51_TINY_KERNAL
      0000D8F0H   SYMBOL    NUMBER   ---       ?RTX_CLOCK
      00000008H   SYMBOL    NUMBER   ---       ?RTX_REGISTERBANK
      0000000DH   SYMBOL    DATA     ---       ?RTX_ROBINTIME
      0000000AH   SYMBOL    DATA     ---       ?RTX_SAVEACC
      0000000BH   SYMBOL    DATA     ---       ?RTX_SAVEPSW
      01000097H   SYMBOL    CODE     ---       ?RTX_STACKERROR
      010000EAH   SYMBOL    CODE     ---       ?RTX_TASKSWITCHING
      00000020H.0 SYMBOL    BIT      ---       ?RTX_TS_DELAY
      000000E0H   SYMBOL    DATA     ---       ACC
      000000F0H   SYMBOL    DATA     ---       B
      00000005H   SYMBOL    NUMBER   ---       B_ACTIVE
      00000007H   SYMBOL    NUMBER   ---       B_IVL
      00000007H   SYMBOL    NUMBER   ---       B_RDY
      00000004H   SYMBOL    NUMBER   ---       B_READY
      00000006H   SYMBOL    NUMBER   ---       B_ROBIN
      00000002H   SYMBOL    NUMBER   ---       B_SIGNAL
      00000003H   SYMBOL    NUMBER   ---       B_TIMEOUT
      00000000H   SYMBOL    NUMBER   ---       B_WAITSIG
      00000001H   SYMBOL    NUMBER   ---       B_WAITTIM
      010000E7H   SYMBOL    CODE     ---       CHECKROBINTIME
      010000C1H   SYMBOL    CODE     ---       CHECKSTACK
      00000000H   SYMBOL    NUMBER   ---       CODE_BANKING
      00000000H   SYMBOL    NUMBER   ---       CPU_IDLE_CODE
      00000083H   SYMBOL    DATA     ---       DPH
      00000082H   SYMBOL    DATA     ---       DPL
      000000A8H.7 SYMBOL    BIT      ---       EA
      000000A8H.4 SYMBOL    BIT      ---       ES
      000000A8H.1 SYMBOL    BIT      ---       ET0
      000000A8H.3 SYMBOL    BIT      ---       ET1
      000000A8H.0 SYMBOL    BIT      ---       EX0
      000000A8H.2 SYMBOL    BIT      ---       EX1
      00000014H   SYMBOL    NUMBER   ---       FREE_STACK
      0100009BH   SYMBOL    CODE     ---       HW_TIMER
      000000A8H   SYMBOL    DATA     ---       IE
      00000088H.1 SYMBOL    BIT      ---       IE0
      00000088H.3 SYMBOL    BIT      ---       IE1
      00002710H   SYMBOL    NUMBER   ---       INT_CLOCK
      00000001H   SYMBOL    NUMBER   ---       INT_REGBANK
      00000088H.0 SYMBOL    BIT      ---       IT0
      00000088H.2 SYMBOL    BIT      ---       IT1
      00000020H   SYMBOL    NUMBER   ---       K_ACTIVE
      00000080H   SYMBOL    NUMBER   ---       K_IVL
      00000080H   SYMBOL    NUMBER   ---       K_RDY
      00000010H   SYMBOL    NUMBER   ---       K_READY
      00000040H   SYMBOL    NUMBER   ---       K_ROBIN
      00000001H   SYMBOL    NUMBER   ---       K_SIG
      00000002H   SYMBOL    NUMBER   ---       K_TMO
      00000000H   SYMBOL    NUMBER   ---       LONG_USR_INTR
      010001D5H   SYMBOL    CODE     ---       MAIN1
      010001DFH   SYMBOL    CODE     ---       MAIN1X
      010001DAH   SYMBOL    CODE     ---       MAIN2
      010001A0H   SYMBOL    CODE     ---       NOEVENT
      010000E6H   SYMBOL    CODE     ---       NOROBINTIMEOUT
      010000DDH   SYMBOL    CODE     ---       NOTIMEOUT
      010000DBH   SYMBOL    CODE     ---       NOWAITTIMEOUT
LX51 LINKER/LOCATER V4.66.66.0                                                        05/20/2017  16:50:19  PAGE 11


      01000112H   SYMBOL    CODE     ---       OS_SWITCH_TASK1
      00000087H   SYMBOL    DATA     ---       PCON
      000000D0H   SYMBOL    DATA     ---       PSW
      000000FFH   SYMBOL    NUMBER   ---       RAMTOP
      00000080H   SYMBOL    NUMBER   ---       RDY_EVENT
      010001ACH   SYMBOL    CODE     ---       ROBINON
      01000194H   SYMBOL    CODE     ---       SIGNALOFF
      010001A0H   SYMBOL    CODE     ---       SIGNALON
      00000004H   SYMBOL    NUMBER   ---       SIG_EVENT
      00000081H   SYMBOL    DATA     ---       SP
      0000000FH   SYMBOL    IDATA    ---       TASKSTATE
      00000088H   SYMBOL    DATA     ---       TCON
      00000088H.5 SYMBOL    BIT      ---       TF0
      00000088H.7 SYMBOL    BIT      ---       TF1
      0000008CH   SYMBOL    DATA     ---       TH0
      0000008DH   SYMBOL    DATA     ---       TH1
      0100019CH   SYMBOL    CODE     ---       TIMEOUTON
      0100009CH   SYMBOL    CODE     ---       TIMERINT
      010000CDH   SYMBOL    CODE     ---       TIMERLOOP
      0000000EH   SYMBOL    IDATA    ---       TIMERVAL
      00000005H   SYMBOL    NUMBER   ---       TIMESHARING
      0000008AH   SYMBOL    DATA     ---       TL0
      0000008BH   SYMBOL    DATA     ---       TL1
      00000089H   SYMBOL    DATA     ---       TMOD
      00000008H   SYMBOL    NUMBER   ---       TMO_EVENT
      00000088H.4 SYMBOL    BIT      ---       TR0
      00000088H.6 SYMBOL    BIT      ---       TR1
      0100000BH   LINE      CODE     ---       #271
      01000097H   LINE      CODE     ---       #279
      01000099H   LINE      CODE     ---       #279
      0100009BH   LINE      CODE     ---       #282
      0100009CH   LINE      CODE     ---       #299
      0100009FH   LINE      CODE     ---       #301
      010000A2H   LINE      CODE     ---       #302
      010000A5H   LINE      CODE     ---       #303
      010000A7H   LINE      CODE     ---       #305
      010000A9H   LINE      CODE     ---       #306
      010000ABH   LINE      CODE     ---       #307
      010000ADH   LINE      CODE     ---       #308
      010000AFH   LINE      CODE     ---       #309
      010000B1H   LINE      CODE     ---       #310
      010000B3H   LINE      CODE     ---       #311
      010000B5H   LINE      CODE     ---       #312
      010000B7H   LINE      CODE     ---       #316
      010000B8H   LINE      CODE     ---       #317
      010000BAH   LINE      CODE     ---       #318
      010000BBH   LINE      CODE     ---       #319
      010000BCH   LINE      CODE     ---       #320
      010000BFH   LINE      CODE     ---       #321
      010000C1H   LINE      CODE     ---       #322
      010000C2H   LINE      CODE     ---       #323
      010000C4H   LINE      CODE     ---       #324
      010000C7H   LINE      CODE     ---       #325
      010000C9H   LINE      CODE     ---       #329
      010000CBH   LINE      CODE     ---       #330
      010000CDH   LINE      CODE     ---       #331
      010000CEH   LINE      CODE     ---       #332
      010000CFH   LINE      CODE     ---       #333
      010000D0H   LINE      CODE     ---       #334
      010000D2H   LINE      CODE     ---       #335
      010000D4H   LINE      CODE     ---       #336
      010000D5H   LINE      CODE     ---       #337
      010000D8H   LINE      CODE     ---       #338
      010000DAH   LINE      CODE     ---       #339
      010000DBH   LINE      CODE     ---       #340
LX51 LINKER/LOCATER V4.66.66.0                                                        05/20/2017  16:50:19  PAGE 12


      010000DDH   LINE      CODE     ---       #341
      010000DEH   LINE      CODE     ---       #342
      010000E0H   LINE      CODE     ---       #344
      010000E1H   LINE      CODE     ---       #345
      010000E3H   LINE      CODE     ---       #360
      010000E6H   LINE      CODE     ---       #366
      010000E7H   LINE      CODE     ---       #367
      010000EAH   LINE      CODE     ---       #370
      010000ECH   LINE      CODE     ---       #371
      010000EEH   LINE      CODE     ---       #372
      010000F0H   LINE      CODE     ---       #373
      010000F2H   LINE      CODE     ---       #374
      010000F4H   LINE      CODE     ---       #375
      010000F6H   LINE      CODE     ---       #376
      010000F8H   LINE      CODE     ---       #377
      010000FAH   LINE      CODE     ---       #378
      010000FCH   LINE      CODE     ---       #379
      010000FEH   LINE      CODE     ---       #380
      01000100H   LINE      CODE     ---       #381
      01000102H   LINE      CODE     ---       #382
      01000104H   LINE      CODE     ---       #387
      01000106H   LINE      CODE     ---       #388
      01000107H   LINE      CODE     ---       #389
      01000109H   LINE      CODE     ---       #390
      0100010AH   LINE      CODE     ---       #391
      0100010CH   LINE      CODE     ---       #392
      0100010EH   LINE      CODE     ---       #393
      0100010FH   LINE      CODE     ---       #394
      01000110H   LINE      CODE     ---       #395
      01000112H   LINE      CODE     ---       #424
      01000114H   LINE      CODE     ---       #426
      01000116H   LINE      CODE     ---       #427
      01000117H   LINE      CODE     ---       #429
      01000118H   LINE      CODE     ---       #430
      0100011AH   LINE      CODE     ---       #431
      0100011BH   LINE      CODE     ---       #434
      0100011CH   LINE      CODE     ---       #435
      0100011DH   LINE      CODE     ---       #436
      0100011EH   LINE      CODE     ---       #444
      01000121H   LINE      CODE     ---       #445
      01000123H   LINE      CODE     ---       #446
      01000125H   LINE      CODE     ---       #449
      01000126H   LINE      CODE     ---       #450
      01000129H   LINE      CODE     ---       #458
      0100012AH   LINE      CODE     ---       #462
      0100012CH   LINE      CODE     ---       #463
      0100012DH   LINE      CODE     ---       #464
      0100012EH   LINE      CODE     ---       #465
      01000130H   LINE      CODE     ---       #468
      01000132H   LINE      CODE     ---       #470
      01000134H   LINE      CODE     ---       #471
      01000136H   LINE      CODE     ---       #472
      01000137H   LINE      CODE     ---       #473
      01000138H   LINE      CODE     ---       #474
      01000139H   LINE      CODE     ---       #476
      0100013BH   LINE      CODE     ---       #478
      0100013CH   LINE      CODE     ---       #479
      0100013DH   LINE      CODE     ---       #480
      0100013FH   LINE      CODE     ---       #481
      01000142H   LINE      CODE     ---       #482
      01000144H   LINE      CODE     ---       #484
      01000145H   LINE      CODE     ---       #485
      01000146H   LINE      CODE     ---       #490
      01000147H   LINE      CODE     ---       #491
      01000148H   LINE      CODE     ---       #492
LX51 LINKER/LOCATER V4.66.66.0                                                        05/20/2017  16:50:19  PAGE 13


      0100014AH   LINE      CODE     ---       #496
      0100014BH   LINE      CODE     ---       #497
      0100014CH   LINE      CODE     ---       #498
      0100014EH   LINE      CODE     ---       #499
      01000150H   LINE      CODE     ---       #505
      01000152H   LINE      CODE     ---       #506
      01000153H   LINE      CODE     ---       #507
      01000154H   LINE      CODE     ---       #508
      01000156H   LINE      CODE     ---       #510
      01000158H   LINE      CODE     ---       #511
      0100015AH   LINE      CODE     ---       #512
      0100015BH   LINE      CODE     ---       #513
      0100015CH   LINE      CODE     ---       #516
      0100015EH   LINE      CODE     ---       #517
      01000161H   LINE      CODE     ---       #518
      01000163H   LINE      CODE     ---       #520
      01000164H   LINE      CODE     ---       #522
      01000165H   LINE      CODE     ---       #523
      01000166H   LINE      CODE     ---       #524
      01000167H   LINE      CODE     ---       #525
      01000168H   LINE      CODE     ---       #529
      0100016AH   LINE      CODE     ---       #530
      0100016BH   LINE      CODE     ---       #531
      0100016DH   LINE      CODE     ---       #535
      0100016FH   LINE      CODE     ---       #536
      01000170H   LINE      CODE     ---       #537
      01000171H   LINE      CODE     ---       #539
      01000173H   LINE      CODE     ---       #543
      01000175H   LINE      CODE     ---       #544
      01000177H   LINE      CODE     ---       #545
      01000178H   LINE      CODE     ---       #546
      01000179H   LINE      CODE     ---       #548
      0100017BH   LINE      CODE     ---       #549
      0100017DH   LINE      CODE     ---       #555
      01000180H   LINE      CODE     ---       #559
      01000182H   LINE      CODE     ---       #560
      01000183H   LINE      CODE     ---       #561
      01000185H   LINE      CODE     ---       #562
      01000186H   LINE      CODE     ---       #563
      01000188H   LINE      CODE     ---       #564
      0100018AH   LINE      CODE     ---       #565
      0100018BH   LINE      CODE     ---       #567
      0100018EH   LINE      CODE     ---       #571
      01000191H   LINE      CODE     ---       #572
      01000194H   LINE      CODE     ---       #576
      01000196H   LINE      CODE     ---       #577
      01000199H   LINE      CODE     ---       #578
      0100019CH   LINE      CODE     ---       #580
      0100019EH   LINE      CODE     ---       #581
      010001A0H   LINE      CODE     ---       #583
      010001A2H   LINE      CODE     ---       #584
      010001A3H   LINE      CODE     ---       #585
      010001A5H   LINE      CODE     ---       #587
      010001A7H   LINE      CODE     ---       #588
      010001A9H   LINE      CODE     ---       #594
      010001ABH   LINE      CODE     ---       #595
      010001ACH   LINE      CODE     ---       #608
      010001ADH   LINE      CODE     ---       #609
      010001AFH   LINE      CODE     ---       #614
      010001B1H   LINE      CODE     ---       #615
      010001B3H   LINE      CODE     ---       #616
      010001B5H   LINE      CODE     ---       #617
      010001B7H   LINE      CODE     ---       #618
      010001B9H   LINE      CODE     ---       #619
      010001BBH   LINE      CODE     ---       #620
LX51 LINKER/LOCATER V4.66.66.0                                                        05/20/2017  16:50:19  PAGE 14


      010001BDH   LINE      CODE     ---       #621
      010001BFH   LINE      CODE     ---       #622
      010001C1H   LINE      CODE     ---       #623
      010001C3H   LINE      CODE     ---       #624
      010001C5H   LINE      CODE     ---       #625
      010001C7H   LINE      CODE     ---       #626
      010001C9H   LINE      CODE     ---       #627
      010001CBH   LINE      CODE     ---       #628
      010001CCH   LINE      CODE     ---       #642
      010001CEH   LINE      CODE     ---       #643
      010001D0H   LINE      CODE     ---       #644
      010001D2H   LINE      CODE     ---       #645
      010001D4H   LINE      CODE     ---       #646
      010001D5H   LINE      CODE     ---       #647
      010001D6H   LINE      CODE     ---       #648
      010001D8H   LINE      CODE     ---       #649
      010001DAH   LINE      CODE     ---       #650
      010001DCH   LINE      CODE     ---       #651
      010001DDH   LINE      CODE     ---       #652
      010001DFH   LINE      CODE     ---       #653
      010001E0H   LINE      CODE     ---       #654
      010001E1H   LINE      CODE     ---       #655
      010001E2H   LINE      CODE     ---       #656
      010001E3H   LINE      CODE     ---       #657
      010001E5H   LINE      CODE     ---       #658
      010001E7H   LINE      CODE     ---       #659
      010001E9H   LINE      CODE     ---       #660
      010001ECH   LINE      CODE     ---       #661
      010001EEH   LINE      CODE     ---       #662
      010001EFH   LINE      CODE     ---       #663
      010001F1H   LINE      CODE     ---       #664
      010001F2H   LINE      CODE     ---       #665
      010001F3H   LINE      CODE     ---       #666
      010001F5H   LINE      CODE     ---       #668
      010001F8H   LINE      CODE     ---       #670
      010001FBH   LINE      CODE     ---       #671
      010001FEH   LINE      CODE     ---       #672
      01000201H   LINE      CODE     ---       #673
      01000203H   LINE      CODE     ---       #674
      01000205H   LINE      CODE     ---       #675
      01000207H   LINE      CODE     ---       #676

      ---         MODULE    ---      ---       ?C_STARTUP
      01000000H   PUBLIC    CODE     ---       ?C_STARTUP

Program Size: data=21.1 xdata=0 const=0 code=540
LX51 RUN COMPLETE.  0 WARNING(S),  0 ERROR(S)
