C51 COMPILER V9.06   74HC573                                                               09/02/2017 00:12:34 PAGE 1   


C51 COMPILER V9.06, COMPILATION OF MODULE 74HC573
OBJECT MODULE PLACED IN 74hc573.OBJ
COMPILER INVOKED BY: D:\Keil_v5\C51\BIN\C51.EXE 74hc573.c OPTIMIZE(8,SPEED) DEBUG OBJECTEXTEND TABS(2)

line level    source

   1          #include <reg51.h>
   2          
   3          
   4          sbit Wei = P3^7;
   5          sbit GY = P3^5;
   6          
   7          
   8          void delay_ms (unsigned int a)
   9          { unsigned int i;
  10   1        while( a-- != 0){
  11   2          for(i = 0; i < 600; i++); 
  12   2        }              
  13   1      }
  14          
  15          unsigned char code tab[]={  
  16            0x3F,/*0*/
  17            0x06,/*1*/
  18            0x5B,/*2*/
  19            0x4F,/*3*/
  20            0x66,/*4*/
  21            0x6D,/*5*/
  22            0x7D,/*6*/
  23            0x07,/*7*/
  24            0x7F,/*8*/
  25            0x6F,/*9*/
  26            0x77,/*A*/
  27            0x7C,/*b*/
  28            0x39,/*C*/
  29            0x5E,/*d*/
  30            0x79,/*E*/
  31            0x71,/*F*/
  32          };
  33          
  34          
  35          void main()
  36          { 
  37   1        while(1)
  38   1        { int b;
  39   2          GY = 0;
  40   2          Wei = 1;
  41   2          P1=tab[b];
  42   2          delay_ms(1000); //1s延时
  43   2      
  44   2          b++;
  45   2        if(b==16)
  46   2          b=0;
  47   2        }
  48   1      }
  49          


MODULE INFORMATION:   STATIC OVERLAYABLE
   CODE SIZE        =     77    ----
   CONSTANT SIZE    =     16    ----
   XDATA SIZE       =   ----    ----
C51 COMPILER V9.06   74HC573                                                               09/02/2017 00:12:34 PAGE 2   

   PDATA SIZE       =   ----    ----
   DATA SIZE        =   ----       2
   IDATA SIZE       =   ----    ----
   BIT SIZE         =   ----    ----
END OF MODULE INFORMATION.


C51 COMPILATION COMPLETE.  0 WARNING(S),  0 ERROR(S)
