C51 COMPILER V9.06   74HC573                                                               05/18/2017 20:52:07 PAGE 1   


C51 COMPILER V9.06, COMPILATION OF MODULE 74HC573
OBJECT MODULE PLACED IN 74hc573.OBJ
COMPILER INVOKED BY: d:\Keil_v5\C51\BIN\C51.EXE 74hc573.c OPTIMIZE(8,SPEED) DEBUG OBJECTEXTEND TABS(2)

line level    source

   1          #include <reg51.h>
   2          
   3          
   4          sbit Wei = P3^7;
   5          sbit GY = P3^5;
   6          
   7          
   8          /**********************************************************************************************/
   9          //定义延时函数
  10          void delay_ms (unsigned int a)  //调用格式为"delay_ms(n)" n=0~4294967295 1000ms=1s"
  11          { unsigned int i;
  12   1        while( a-- != 0){
  13   2          for(i = 0; i < 600; i++); 
  14   2        }              
  15   1      }
  16          
  17          unsigned char code tab[]={  
  18            0x3F,/*0*/
  19            0x06,/*1*/
  20            0x5B,/*2*/
  21            0x4F,/*3*/
  22            0x66,/*4*/
  23            0x6D,/*5*/
  24            0x7D,/*6*/
  25            0x07,/*7*/
  26            0x7F,/*8*/
  27            0x6F,/*9*/
  28            0x77,/*A*/
  29            0x7C,/*b*/
  30            0x39,/*C*/
  31            0x5E,/*d*/
  32            0x79,/*E*/
  33            0x71,/*F*/
  34          };
  35          
  36          
  37          void main()
  38          { 
  39   1        while(1)
  40   1        { int b;
  41   2          GY = 0;
  42   2          Wei = 1;
  43   2          P1=tab[b];
  44   2          delay_ms(1000); //1s延时
  45   2      
  46   2          b++;
  47   2        if(b==16)
  48   2          b=0;
  49   2        }
  50   1      }
  51          


MODULE INFORMATION:   STATIC OVERLAYABLE
   CODE SIZE        =     77    ----
C51 COMPILER V9.06   74HC573                                                               05/18/2017 20:52:07 PAGE 2   

   CONSTANT SIZE    =     16    ----
   XDATA SIZE       =   ----    ----
   PDATA SIZE       =   ----    ----
   DATA SIZE        =   ----       2
   IDATA SIZE       =   ----    ----
   BIT SIZE         =   ----    ----
END OF MODULE INFORMATION.


C51 COMPILATION COMPLETE.  0 WARNING(S),  0 ERROR(S)
